Archive member included to satisfy reference by file (symbol)

/usr/lib/gcc/arm-none-eabi/9.2.1/thumb/v6-m/nofp/libgcc.a(_dvmd_tls.o)
                              CMakeFiles/servo_serial_communication.dir/home/davisid/pico/pico-sdk/src/rp2_common/pico_divider/divider.S.obj (__aeabi_idiv0)
/usr/lib/gcc/arm-none-eabi/9.2.1/../../../arm-none-eabi/lib/thumb/v6-m/nofp/libg.a(lib_a-atexit.o)
                              /usr/lib/gcc/arm-none-eabi/9.2.1/../../../arm-none-eabi/lib/thumb/v6-m/nofp/crt0.o (atexit)
/usr/lib/gcc/arm-none-eabi/9.2.1/../../../arm-none-eabi/lib/thumb/v6-m/nofp/libg.a(lib_a-calloc.o)
                              CMakeFiles/servo_serial_communication.dir/home/davisid/pico/pico-sdk/src/rp2_common/pico_malloc/pico_malloc.c.obj (calloc)
/usr/lib/gcc/arm-none-eabi/9.2.1/../../../arm-none-eabi/lib/thumb/v6-m/nofp/libg.a(lib_a-callocr.o)
                              /usr/lib/gcc/arm-none-eabi/9.2.1/../../../arm-none-eabi/lib/thumb/v6-m/nofp/libg.a(lib_a-calloc.o) (_calloc_r)
/usr/lib/gcc/arm-none-eabi/9.2.1/../../../arm-none-eabi/lib/thumb/v6-m/nofp/libg.a(lib_a-fini.o)
                              /usr/lib/gcc/arm-none-eabi/9.2.1/../../../arm-none-eabi/lib/thumb/v6-m/nofp/crt0.o (__libc_fini_array)
/usr/lib/gcc/arm-none-eabi/9.2.1/../../../arm-none-eabi/lib/thumb/v6-m/nofp/libg.a(lib_a-impure.o)
                              /usr/lib/gcc/arm-none-eabi/9.2.1/../../../arm-none-eabi/lib/thumb/v6-m/nofp/libg.a(lib_a-calloc.o) (_impure_ptr)
/usr/lib/gcc/arm-none-eabi/9.2.1/../../../arm-none-eabi/lib/thumb/v6-m/nofp/libg.a(lib_a-init.o)
                              /usr/lib/gcc/arm-none-eabi/9.2.1/../../../arm-none-eabi/lib/thumb/v6-m/nofp/crt0.o (__libc_init_array)
/usr/lib/gcc/arm-none-eabi/9.2.1/../../../arm-none-eabi/lib/thumb/v6-m/nofp/libg.a(lib_a-malloc.o)
                              CMakeFiles/servo_serial_communication.dir/home/davisid/pico/pico-sdk/src/rp2_common/pico_malloc/pico_malloc.c.obj (malloc)
/usr/lib/gcc/arm-none-eabi/9.2.1/../../../arm-none-eabi/lib/thumb/v6-m/nofp/libg.a(lib_a-mallocr.o)
                              /usr/lib/gcc/arm-none-eabi/9.2.1/../../../arm-none-eabi/lib/thumb/v6-m/nofp/libg.a(lib_a-callocr.o) (_malloc_r)
/usr/lib/gcc/arm-none-eabi/9.2.1/../../../arm-none-eabi/lib/thumb/v6-m/nofp/libg.a(lib_a-mlock.o)
                              /usr/lib/gcc/arm-none-eabi/9.2.1/../../../arm-none-eabi/lib/thumb/v6-m/nofp/libg.a(lib_a-mallocr.o) (__malloc_lock)
/usr/lib/gcc/arm-none-eabi/9.2.1/../../../arm-none-eabi/lib/thumb/v6-m/nofp/libg.a(lib_a-realloc.o)
                              CMakeFiles/servo_serial_communication.dir/home/davisid/pico/pico-sdk/src/rp2_common/pico_malloc/pico_malloc.c.obj (realloc)
/usr/lib/gcc/arm-none-eabi/9.2.1/../../../arm-none-eabi/lib/thumb/v6-m/nofp/libg.a(lib_a-reallocr.o)
                              /usr/lib/gcc/arm-none-eabi/9.2.1/../../../arm-none-eabi/lib/thumb/v6-m/nofp/libg.a(lib_a-realloc.o) (_realloc_r)
/usr/lib/gcc/arm-none-eabi/9.2.1/../../../arm-none-eabi/lib/thumb/v6-m/nofp/libg.a(lib_a-sbrkr.o)
                              /usr/lib/gcc/arm-none-eabi/9.2.1/../../../arm-none-eabi/lib/thumb/v6-m/nofp/libg.a(lib_a-mallocr.o) (_sbrk_r)
/usr/lib/gcc/arm-none-eabi/9.2.1/../../../arm-none-eabi/lib/thumb/v6-m/nofp/libg.a(lib_a-strchr.o)
                              CMakeFiles/servo_serial_communication.dir/servo_serial_communication.c.obj (strchr)
/usr/lib/gcc/arm-none-eabi/9.2.1/../../../arm-none-eabi/lib/thumb/v6-m/nofp/libg.a(lib_a-strcmp.o)
                              CMakeFiles/servo_serial_communication.dir/servo_serial_communication.c.obj (strcmp)
/usr/lib/gcc/arm-none-eabi/9.2.1/../../../arm-none-eabi/lib/thumb/v6-m/nofp/libg.a(lib_a-strlen-stub.o)
                              CMakeFiles/servo_serial_communication.dir/home/davisid/pico/pico-sdk/src/rp2_common/pico_stdio/stdio.c.obj (strlen)
/usr/lib/gcc/arm-none-eabi/9.2.1/../../../arm-none-eabi/lib/thumb/v6-m/nofp/libg.a(lib_a-__atexit.o)
                              /usr/lib/gcc/arm-none-eabi/9.2.1/../../../arm-none-eabi/lib/thumb/v6-m/nofp/libg.a(lib_a-atexit.o) (__register_exitproc)
/usr/lib/gcc/arm-none-eabi/9.2.1/../../../arm-none-eabi/lib/thumb/v6-m/nofp/libg.a(lib_a-freer.o)
                              /usr/lib/gcc/arm-none-eabi/9.2.1/../../../arm-none-eabi/lib/thumb/v6-m/nofp/libg.a(lib_a-malloc.o) (_free_r)
/usr/lib/gcc/arm-none-eabi/9.2.1/../../../arm-none-eabi/lib/thumb/v6-m/nofp/libg.a(lib_a-memmove.o)
                              /usr/lib/gcc/arm-none-eabi/9.2.1/../../../arm-none-eabi/lib/thumb/v6-m/nofp/libg.a(lib_a-reallocr.o) (memmove)
/usr/lib/gcc/arm-none-eabi/9.2.1/../../../arm-none-eabi/lib/thumb/v6-m/nofp/libg.a(lib_a-reent.o)
                              /usr/lib/gcc/arm-none-eabi/9.2.1/../../../arm-none-eabi/lib/thumb/v6-m/nofp/libg.a(lib_a-sbrkr.o) (errno)

Allocating common symbols
Common symbol       size              file

[...]
Memory Configuration

Name             Origin             Length             Attributes
FLASH            0x0000000010000000 0x0000000000200000 xr
RAM              0x0000000020000000 0x0000000000040000 xrw
SCRATCH_X        0x0000000020040000 0x0000000000001000 xrw
SCRATCH_Y        0x0000000020041000 0x0000000000001000 xrw
*default*        0x0000000000000000 0xffffffffffffffff

Linker script and memory map

LOAD /usr/lib/gcc/arm-none-eabi/9.2.1/thumb/v6-m/nofp/crti.o
LOAD /usr/lib/gcc/arm-none-eabi/9.2.1/thumb/v6-m/nofp/crtbegin.o
LOAD /usr/lib/gcc/arm-none-eabi/9.2.1/../../../arm-none-eabi/lib/thumb/v6-m/nofp/crt0.o

.flash_begin    0x0000000010000000        0x0
                0x0000000010000000                __flash_binary_start = .

.boot2          0x0000000010000000      0x100
                0x0000000010000000                __boot2_start__ = .
 *(.boot2)
 .boot2         0x0000000010000000      0x100 /tmp/ccTc2k5N.o
                0x0000000010000100                __boot2_end__ = .
                0x0000000000000001                ASSERT (((__boot2_end__ - __boot2_start__) == 0x100), ERROR: Pico second stage bootloader must be 256 bytes in size)

.text           0x0000000010000100     0x7378
                0x0000000010000100                __logical_binary_start = .
 *(.vectors)
 .vectors       0x0000000010000100       0xd4 CMakeFiles/servo_serial_communication.dir/home/davisid/pico/pico-sdk/src/rp2_common/pico_standard_link/crt0.S.obj
                0x0000000010000100                __vectors
                0x0000000010000100                __VECTOR_TABLE
                0x00000000100001c0                isr_invalid
                0x00000000100001c0                __default_isrs_start
                0x00000000100001c2                isr_nmi
                0x00000000100001c4                isr_hardfault
                0x00000000100001c6                isr_svcall
                0x00000000100001c8                isr_pendsv
                0x00000000100001ca                isr_systick
                0x00000000100001cc                isr_irq30
                0x00000000100001cc                __unhandled_user_irq
                0x00000000100001cc                isr_irq13
                0x00000000100001cc                isr_irq27
                0x00000000100001cc                isr_irq31
                0x00000000100001cc                isr_irq5
                0x00000000100001cc                isr_irq11
                0x00000000100001cc                isr_irq23
                0x00000000100001cc                isr_irq18
                0x00000000100001cc                isr_irq28
                0x00000000100001cc                isr_irq19
                0x00000000100001cc                isr_irq0
                0x00000000100001cc                isr_irq6
                0x00000000100001cc                isr_irq22
                0x00000000100001cc                isr_irq17
                0x00000000100001cc                isr_irq14
                0x00000000100001cc                isr_irq2
                0x00000000100001cc                isr_irq10
                0x00000000100001cc                isr_irq8
                0x00000000100001cc                isr_irq24
                0x00000000100001cc                isr_irq1
                0x00000000100001cc                isr_irq7
                0x00000000100001cc                isr_irq21
                0x00000000100001cc                isr_irq20
                0x00000000100001cc                isr_irq15
                0x00000000100001cc                isr_irq25
                0x00000000100001cc                isr_irq4
                0x00000000100001cc                isr_irq16
                0x00000000100001cc                isr_irq29
                0x00000000100001cc                isr_irq26
                0x00000000100001cc                __default_isrs_end
                0x00000000100001cc                isr_irq3
                0x00000000100001cc                isr_irq12
                0x00000000100001cc                isr_irq9
                0x00000000100001d2                unhandled_user_irq_num_in_r0
 *(.binary_info_header)
 .binary_info_header
                0x00000000100001d4       0x14 CMakeFiles/servo_serial_communication.dir/home/davisid/pico/pico-sdk/src/rp2_common/pico_standard_link/crt0.S.obj
                0x00000000100001e8                __binary_info_header_end = .
 *(.reset)
 .reset         0x00000000100001e8       0xa0 CMakeFiles/servo_serial_communication.dir/home/davisid/pico/pico-sdk/src/rp2_common/pico_standard_link/crt0.S.obj
                0x00000000100001e8                _entry_point
 .reset         0x0000000010000288       0x30 CMakeFiles/servo_serial_communication.dir/home/davisid/pico/pico-sdk/src/rp2_common/pico_standard_link/binary_info.c.obj
 *(.init)
 .init          0x00000000100002b8        0x4 /usr/lib/gcc/arm-none-eabi/9.2.1/thumb/v6-m/nofp/crti.o
                0x00000000100002b8                _init
 *(EXCLUDE_FILE(*libm.a: *libc.a:*lib_a-mem*.o *libgcc.a:) .text*)
 .text          0x00000000100002bc       0x98 /usr/lib/gcc/arm-none-eabi/9.2.1/thumb/v6-m/nofp/crtbegin.o
 .text.write_user_input
                0x0000000010000354       0x2e CMakeFiles/servo_serial_communication.dir/servo_serial_communication.c.obj
                0x0000000010000354                write_user_input
 *fill*         0x0000000010000382        0x2 
 .text.main     0x0000000010000384      0x320 CMakeFiles/servo_serial_communication.dir/servo_serial_communication.c.obj
                0x0000000010000384                main
 .text.gpio_set_function
                0x00000000100006a4       0x30 CMakeFiles/servo_serial_communication.dir/home/davisid/pico/pico-sdk/src/rp2_common/hardware_gpio/gpio.c.obj
                0x00000000100006a4                gpio_set_function
 .text.gpio_set_pulls
                0x00000000100006d4       0x34 CMakeFiles/servo_serial_communication.dir/home/davisid/pico/pico-sdk/src/rp2_common/hardware_gpio/gpio.c.obj
                0x00000000100006d4                gpio_set_pulls
 .text.gpio_set_input_enabled
                0x0000000010000708       0x30 CMakeFiles/servo_serial_communication.dir/home/davisid/pico/pico-sdk/src/rp2_common/hardware_gpio/gpio.c.obj
                0x0000000010000708                gpio_set_input_enabled
 .text.gpio_init
                0x0000000010000738       0x16 CMakeFiles/servo_serial_communication.dir/home/davisid/pico/pico-sdk/src/rp2_common/hardware_gpio/gpio.c.obj
                0x0000000010000738                gpio_init
 *fill*         0x000000001000074e        0x2 
 .text.running_on_fpga
                0x0000000010000750       0x14 CMakeFiles/servo_serial_communication.dir/home/davisid/pico/pico-sdk/src/rp2_common/pico_platform/platform.c.obj
                0x0000000010000750                running_on_fpga
 .text.hw_claim_lock
                0x0000000010000764       0x18 CMakeFiles/servo_serial_communication.dir/home/davisid/pico/pico-sdk/src/rp2_common/hardware_claim/claim.c.obj
                0x0000000010000764                hw_claim_lock
 .text.hw_claim_unlock
                0x000000001000077c       0x14 CMakeFiles/servo_serial_communication.dir/home/davisid/pico/pico-sdk/src/rp2_common/hardware_claim/claim.c.obj
                0x000000001000077c                hw_claim_unlock
 .text.hw_claim_or_assert
                0x0000000010000790       0x32 CMakeFiles/servo_serial_communication.dir/home/davisid/pico/pico-sdk/src/rp2_common/hardware_claim/claim.c.obj
                0x0000000010000790                hw_claim_or_assert
 .text.hw_claim_unused_from_range
                0x00000000100007c2       0x50 CMakeFiles/servo_serial_communication.dir/home/davisid/pico/pico-sdk/src/rp2_common/hardware_claim/claim.c.obj
                0x00000000100007c2                hw_claim_unused_from_range
 *fill*         0x0000000010000812        0x2 
 .text.spin_locks_reset
                0x0000000010000814       0x20 CMakeFiles/servo_serial_communication.dir/home/davisid/pico/pico-sdk/src/rp2_common/hardware_sync/sync.c.obj
                0x0000000010000814                spin_locks_reset
 .text.next_striped_spin_lock_num
                0x0000000010000834       0x1c CMakeFiles/servo_serial_communication.dir/home/davisid/pico/pico-sdk/src/rp2_common/hardware_sync/sync.c.obj
                0x0000000010000834                next_striped_spin_lock_num
 .text.spin_lock_claim_unused
                0x0000000010000850       0x20 CMakeFiles/servo_serial_communication.dir/home/davisid/pico/pico-sdk/src/rp2_common/hardware_sync/sync.c.obj
                0x0000000010000850                spin_lock_claim_unused
 .text.set_raw_irq_handler_and_unlock
                0x0000000010000870       0x28 CMakeFiles/servo_serial_communication.dir/home/davisid/pico/pico-sdk/src/rp2_common/hardware_irq/irq.c.obj
 .text.make_branch
                0x0000000010000898       0x48 CMakeFiles/servo_serial_communication.dir/home/davisid/pico/pico-sdk/src/rp2_common/hardware_irq/irq.c.obj
 .text.insert_branch_and_link
                0x00000000100008e0       0x40 CMakeFiles/servo_serial_communication.dir/home/davisid/pico/pico-sdk/src/rp2_common/hardware_irq/irq.c.obj
 .text.irq_is_enabled
                0x0000000010000920       0x18 CMakeFiles/servo_serial_communication.dir/home/davisid/pico/pico-sdk/src/rp2_common/hardware_irq/irq.c.obj
                0x0000000010000920                irq_is_enabled
 .text.irq_set_mask_enabled
                0x0000000010000938       0x20 CMakeFiles/servo_serial_communication.dir/home/davisid/pico/pico-sdk/src/rp2_common/hardware_irq/irq.c.obj
                0x0000000010000938                irq_set_mask_enabled
 .text.irq_set_enabled
                0x0000000010000958        0xe CMakeFiles/servo_serial_communication.dir/home/davisid/pico/pico-sdk/src/rp2_common/hardware_irq/irq.c.obj
                0x0000000010000958                irq_set_enabled
 *fill*         0x0000000010000966        0x2 
 .text.irq_set_pending
                0x0000000010000968       0x10 CMakeFiles/servo_serial_communication.dir/home/davisid/pico/pico-sdk/src/rp2_common/hardware_irq/irq.c.obj
                0x0000000010000968                irq_set_pending
 .text.irq_get_vtable_handler
                0x0000000010000978       0x10 CMakeFiles/servo_serial_communication.dir/home/davisid/pico/pico-sdk/src/rp2_common/hardware_irq/irq.c.obj
                0x0000000010000978                irq_get_vtable_handler
 .text.irq_has_shared_handler
                0x0000000010000988       0x24 CMakeFiles/servo_serial_communication.dir/home/davisid/pico/pico-sdk/src/rp2_common/hardware_irq/irq.c.obj
                0x0000000010000988                irq_has_shared_handler
 .text.irq_set_exclusive_handler
                0x00000000100009ac       0x54 CMakeFiles/servo_serial_communication.dir/home/davisid/pico/pico-sdk/src/rp2_common/hardware_irq/irq.c.obj
                0x00000000100009ac                irq_set_exclusive_handler
 .text.irq_add_shared_handler
                0x0000000010000a00      0x234 CMakeFiles/servo_serial_communication.dir/home/davisid/pico/pico-sdk/src/rp2_common/hardware_irq/irq.c.obj
                0x0000000010000a00                irq_add_shared_handler
 .text.irq_remove_handler
                0x0000000010000c34      0x1ac CMakeFiles/servo_serial_communication.dir/home/davisid/pico/pico-sdk/src/rp2_common/hardware_irq/irq.c.obj
                0x0000000010000c34                irq_remove_handler
 .text.irq_add_tail_to_free_list
                0x0000000010000de0       0xf0 CMakeFiles/servo_serial_communication.dir/home/davisid/pico/pico-sdk/src/rp2_common/hardware_irq/irq.c.obj
                0x0000000010000de0                irq_add_tail_to_free_list
 .text.irq_init_priorities
                0x0000000010000ed0       0x1c CMakeFiles/servo_serial_communication.dir/home/davisid/pico/pico-sdk/src/rp2_common/hardware_irq/irq.c.obj
                0x0000000010000ed0                irq_init_priorities
 .text.user_irq_claim_unused
                0x0000000010000eec       0x28 CMakeFiles/servo_serial_communication.dir/home/davisid/pico/pico-sdk/src/rp2_common/hardware_irq/irq.c.obj
                0x0000000010000eec                user_irq_claim_unused
 .text.lock_init
                0x0000000010000f14       0x10 CMakeFiles/servo_serial_communication.dir/home/davisid/pico/pico-sdk/src/common/pico_sync/lock_core.c.obj
                0x0000000010000f14                lock_init
 .text.mutex_init
                0x0000000010000f24       0x1a CMakeFiles/servo_serial_communication.dir/home/davisid/pico/pico-sdk/src/common/pico_sync/mutex.c.obj
                0x0000000010000f24                mutex_init
 .text.recursive_mutex_init
                0x0000000010000f3e       0x1e CMakeFiles/servo_serial_communication.dir/home/davisid/pico/pico-sdk/src/common/pico_sync/mutex.c.obj
                0x0000000010000f3e                recursive_mutex_init
 .text.critical_section_init_with_lock_num
                0x0000000010000f5c       0x14 CMakeFiles/servo_serial_communication.dir/home/davisid/pico/pico-sdk/src/common/pico_sync/critical_section.c.obj
                0x0000000010000f5c                critical_section_init_with_lock_num
 .text.critical_section_init
                0x0000000010000f70       0x14 CMakeFiles/servo_serial_communication.dir/home/davisid/pico/pico-sdk/src/common/pico_sync/critical_section.c.obj
                0x0000000010000f70                critical_section_init
 .text.alarm_pool_post_alloc_init
                0x0000000010000f84       0x40 CMakeFiles/servo_serial_communication.dir/home/davisid/pico/pico-sdk/src/common/pico_time/time.c.obj
 .text.sleep_until_callback
                0x0000000010000fc4       0x30 CMakeFiles/servo_serial_communication.dir/home/davisid/pico/pico-sdk/src/common/pico_time/time.c.obj
 .text.timer_pool_entry_comparator
                0x0000000010000ff4       0x7c CMakeFiles/servo_serial_communication.dir/home/davisid/pico/pico-sdk/src/common/pico_time/time.c.obj
                0x0000000010000ff4                timer_pool_entry_comparator
 .text.ph_add_child_node
                0x0000000010001070       0xa4 CMakeFiles/servo_serial_communication.dir/home/davisid/pico/pico-sdk/src/common/pico_time/time.c.obj
 .text.ph_merge_nodes
                0x0000000010001114       0x3e CMakeFiles/servo_serial_communication.dir/home/davisid/pico/pico-sdk/src/common/pico_time/time.c.obj
 *fill*         0x0000000010001152        0x2 
 .text.add_alarm_under_lock
                0x0000000010001154      0x174 CMakeFiles/servo_serial_communication.dir/home/davisid/pico/pico-sdk/src/common/pico_time/time.c.obj
 .text.alarm_pool_alarm_callback
                0x00000000100012c8      0x33c CMakeFiles/servo_serial_communication.dir/home/davisid/pico/pico-sdk/src/common/pico_time/time.c.obj
 .text.alarm_pool_init_default
                0x0000000010001604       0x40 CMakeFiles/servo_serial_communication.dir/home/davisid/pico/pico-sdk/src/common/pico_time/time.c.obj
                0x0000000010001604                alarm_pool_init_default
 .text.alarm_pool_get_default
                0x0000000010001644       0x2c CMakeFiles/servo_serial_communication.dir/home/davisid/pico/pico-sdk/src/common/pico_time/time.c.obj
                0x0000000010001644                alarm_pool_get_default
 .text.alarm_pool_add_alarm_at
                0x0000000010001670      0x168 CMakeFiles/servo_serial_communication.dir/home/davisid/pico/pico-sdk/src/common/pico_time/time.c.obj
                0x0000000010001670                alarm_pool_add_alarm_at
 .text.alarm_pool_cancel_alarm
                0x00000000100017d8       0xf0 CMakeFiles/servo_serial_communication.dir/home/davisid/pico/pico-sdk/src/common/pico_time/time.c.obj
                0x00000000100017d8                alarm_pool_cancel_alarm
 .text.alarm_pool_core_num
                0x00000000100018c8        0x4 CMakeFiles/servo_serial_communication.dir/home/davisid/pico/pico-sdk/src/common/pico_time/time.c.obj
                0x00000000100018c8                alarm_pool_core_num
 .text.sleep_until
                0x00000000100018cc       0xfc CMakeFiles/servo_serial_communication.dir/home/davisid/pico/pico-sdk/src/common/pico_time/time.c.obj
                0x00000000100018cc                sleep_until
 .text.sleep_us
                0x00000000100019c8       0x58 CMakeFiles/servo_serial_communication.dir/home/davisid/pico/pico-sdk/src/common/pico_time/time.c.obj
                0x00000000100019c8                sleep_us
 .text.sleep_ms
                0x0000000010001a20       0x14 CMakeFiles/servo_serial_communication.dir/home/davisid/pico/pico-sdk/src/common/pico_time/time.c.obj
                0x0000000010001a20                sleep_ms
 .text.best_effort_wfe_or_timeout
                0x0000000010001a34       0xac CMakeFiles/servo_serial_communication.dir/home/davisid/pico/pico-sdk/src/common/pico_time/time.c.obj
                0x0000000010001a34                best_effort_wfe_or_timeout
 .text.hardware_alarm_irq_handler
                0x0000000010001ae0       0x90 CMakeFiles/servo_serial_communication.dir/home/davisid/pico/pico-sdk/src/rp2_common/hardware_timer/timer.c.obj
 .text.hardware_alarm_claim
                0x0000000010001b70       0x18 CMakeFiles/servo_serial_communication.dir/home/davisid/pico/pico-sdk/src/rp2_common/hardware_timer/timer.c.obj
                0x0000000010001b70                hardware_alarm_claim
 .text.time_us_64
                0x0000000010001b88       0x18 CMakeFiles/servo_serial_communication.dir/home/davisid/pico/pico-sdk/src/rp2_common/hardware_timer/timer.c.obj
                0x0000000010001b88                time_us_64
 .text.busy_wait_until
                0x0000000010001ba0       0x24 CMakeFiles/servo_serial_communication.dir/home/davisid/pico/pico-sdk/src/rp2_common/hardware_timer/timer.c.obj
                0x0000000010001ba0                busy_wait_until
 .text.busy_wait_us
                0x0000000010001bc4       0x48 CMakeFiles/servo_serial_communication.dir/home/davisid/pico/pico-sdk/src/rp2_common/hardware_timer/timer.c.obj
                0x0000000010001bc4                busy_wait_us
 .text.hardware_alarm_set_callback
                0x0000000010001c0c       0x90 CMakeFiles/servo_serial_communication.dir/home/davisid/pico/pico-sdk/src/rp2_common/hardware_timer/timer.c.obj
                0x0000000010001c0c                hardware_alarm_set_callback
 .text.hardware_alarm_set_target
                0x0000000010001c9c       0xe8 CMakeFiles/servo_serial_communication.dir/home/davisid/pico/pico-sdk/src/rp2_common/hardware_timer/timer.c.obj
                0x0000000010001c9c                hardware_alarm_set_target
 .text.hardware_alarm_cancel
                0x0000000010001d84       0x40 CMakeFiles/servo_serial_communication.dir/home/davisid/pico/pico-sdk/src/rp2_common/hardware_timer/timer.c.obj
                0x0000000010001d84                hardware_alarm_cancel
 .text.ph_add_child_node
                0x0000000010001dc4       0xa4 CMakeFiles/servo_serial_communication.dir/home/davisid/pico/pico-sdk/src/common/pico_util/pheap.c.obj
 .text.ph_merge_nodes
                0x0000000010001e68       0x3e CMakeFiles/servo_serial_communication.dir/home/davisid/pico/pico-sdk/src/common/pico_util/pheap.c.obj
 *fill*         0x0000000010001ea6        0x2 
 .text.ph_clear
                0x0000000010001ea8       0x70 CMakeFiles/servo_serial_communication.dir/home/davisid/pico/pico-sdk/src/common/pico_util/pheap.c.obj
                0x0000000010001ea8                ph_clear
 .text.ph_post_alloc_init
                0x0000000010001f18        0xe CMakeFiles/servo_serial_communication.dir/home/davisid/pico/pico-sdk/src/common/pico_util/pheap.c.obj
                0x0000000010001f18                ph_post_alloc_init
 *fill*         0x0000000010001f26        0x2 
 .text.ph_merge_two_pass
                0x0000000010001f28       0xa8 CMakeFiles/servo_serial_communication.dir/home/davisid/pico/pico-sdk/src/common/pico_util/pheap.c.obj
                0x0000000010001f28                ph_merge_two_pass
 .text.ph_remove_any_head
                0x0000000010001fd0      0x128 CMakeFiles/servo_serial_communication.dir/home/davisid/pico/pico-sdk/src/common/pico_util/pheap.c.obj
 .text.ph_remove_head
                0x00000000100020f8       0x14 CMakeFiles/servo_serial_communication.dir/home/davisid/pico/pico-sdk/src/common/pico_util/pheap.c.obj
                0x00000000100020f8                ph_remove_head
 .text.ph_remove_and_free_node
                0x000000001000210c       0xf8 CMakeFiles/servo_serial_communication.dir/home/davisid/pico/pico-sdk/src/common/pico_util/pheap.c.obj
                0x000000001000210c                ph_remove_and_free_node
 .text.clock_configure
                0x0000000010002204      0x104 CMakeFiles/servo_serial_communication.dir/home/davisid/pico/pico-sdk/src/rp2_common/hardware_clocks/clocks.c.obj
                0x0000000010002204                clock_configure
 .text.clocks_init
                0x0000000010002308      0x100 CMakeFiles/servo_serial_communication.dir/home/davisid/pico/pico-sdk/src/rp2_common/hardware_clocks/clocks.c.obj
                0x0000000010002308                clocks_init
 .text.pll_init
                0x0000000010002408      0x12c CMakeFiles/servo_serial_communication.dir/home/davisid/pico/pico-sdk/src/rp2_common/hardware_pll/pll.c.obj
                0x0000000010002408                pll_init
 .text.watchdog_start_tick
                0x0000000010002534       0x10 CMakeFiles/servo_serial_communication.dir/home/davisid/pico/pico-sdk/src/rp2_common/hardware_watchdog/watchdog.c.obj
                0x0000000010002534                watchdog_start_tick
 .text.watchdog_update
                0x0000000010002544       0x14 CMakeFiles/servo_serial_communication.dir/home/davisid/pico/pico-sdk/src/rp2_common/hardware_watchdog/watchdog.c.obj
                0x0000000010002544                watchdog_update
 .text._watchdog_enable
                0x0000000010002558       0x78 CMakeFiles/servo_serial_communication.dir/home/davisid/pico/pico-sdk/src/rp2_common/hardware_watchdog/watchdog.c.obj
                0x0000000010002558                _watchdog_enable
 .text.watchdog_reboot
                0x00000000100025d0       0x48 CMakeFiles/servo_serial_communication.dir/home/davisid/pico/pico-sdk/src/rp2_common/hardware_watchdog/watchdog.c.obj
                0x00000000100025d0                watchdog_reboot
 .text.xosc_init
                0x0000000010002618       0x28 CMakeFiles/servo_serial_communication.dir/home/davisid/pico/pico-sdk/src/rp2_common/hardware_xosc/xosc.c.obj
                0x0000000010002618                xosc_init
 .text._exit    0x0000000010002640        0x4 CMakeFiles/servo_serial_communication.dir/home/davisid/pico/pico-sdk/src/rp2_common/pico_runtime/runtime.c.obj
                0x0000000010002640                _exit
 .text.exit     0x0000000010002644        0x6 CMakeFiles/servo_serial_communication.dir/home/davisid/pico/pico-sdk/src/rp2_common/pico_runtime/runtime.c.obj
                0x0000000010002644                exit
 *fill*         0x000000001000264a        0x2 
 .text.__assert_func
                0x000000001000264c       0x3c CMakeFiles/servo_serial_communication.dir/home/davisid/pico/pico-sdk/src/rp2_common/pico_runtime/runtime.c.obj
                0x000000001000264c                __assert_func
 .text.runtime_init
                0x0000000010002688       0xf8 CMakeFiles/servo_serial_communication.dir/home/davisid/pico/pico-sdk/src/rp2_common/pico_runtime/runtime.c.obj
                0x0000000010002688                runtime_init
 .text.panic    0x0000000010002780       0x30 CMakeFiles/servo_serial_communication.dir/home/davisid/pico/pico-sdk/src/rp2_common/pico_runtime/runtime.c.obj
                0x0000000010002780                panic
 .text._out_null
                0x00000000100027b0        0x2 CMakeFiles/servo_serial_communication.dir/home/davisid/pico/pico-sdk/src/rp2_common/pico_printf/printf.c.obj
 .text._out_fct
                0x00000000100027b2        0xe CMakeFiles/servo_serial_communication.dir/home/davisid/pico/pico-sdk/src/rp2_common/pico_printf/printf.c.obj
 .text._atoi    0x00000000100027c0       0x24 CMakeFiles/servo_serial_communication.dir/home/davisid/pico/pico-sdk/src/rp2_common/pico_printf/printf.c.obj
 .text._out_rev
                0x00000000100027e4       0xae CMakeFiles/servo_serial_communication.dir/home/davisid/pico/pico-sdk/src/rp2_common/pico_printf/printf.c.obj
 .text._ntoa_format
                0x0000000010002892      0x110 CMakeFiles/servo_serial_communication.dir/home/davisid/pico/pico-sdk/src/rp2_common/pico_printf/printf.c.obj
 .text._ntoa_long
                0x00000000100029a2       0xbc CMakeFiles/servo_serial_communication.dir/home/davisid/pico/pico-sdk/src/rp2_common/pico_printf/printf.c.obj
 .text._ntoa_long_long
                0x0000000010002a5e       0xe2 CMakeFiles/servo_serial_communication.dir/home/davisid/pico/pico-sdk/src/rp2_common/pico_printf/printf.c.obj
 .text._etoa    0x0000000010002b40      0x40c CMakeFiles/servo_serial_communication.dir/home/davisid/pico/pico-sdk/src/rp2_common/pico_printf/printf.c.obj
 .text._ftoa    0x0000000010002f4c      0x354 CMakeFiles/servo_serial_communication.dir/home/davisid/pico/pico-sdk/src/rp2_common/pico_printf/printf.c.obj
 .text._vsnprintf
                0x00000000100032a0      0x628 CMakeFiles/servo_serial_communication.dir/home/davisid/pico/pico-sdk/src/rp2_common/pico_printf/printf.c.obj
 .text.vfctprintf
                0x00000000100038c8       0x20 CMakeFiles/servo_serial_communication.dir/home/davisid/pico/pico-sdk/src/rp2_common/pico_printf/printf.c.obj
                0x00000000100038c8                vfctprintf
 .text          0x00000000100038e8       0x10 CMakeFiles/servo_serial_communication.dir/home/davisid/pico/pico-sdk/src/rp2_common/pico_bit_ops/bit_ops_aeabi.S.obj
 .text.rom_func_lookup
                0x00000000100038f8       0x10 CMakeFiles/servo_serial_communication.dir/home/davisid/pico/pico-sdk/src/rp2_common/pico_bootrom/bootrom.c.obj
                0x00000000100038f8                rom_func_lookup
 .text.rom_data_lookup
                0x0000000010003908       0x10 CMakeFiles/servo_serial_communication.dir/home/davisid/pico/pico-sdk/src/rp2_common/pico_bootrom/bootrom.c.obj
                0x0000000010003908                rom_data_lookup
 .text.rom_funcs_lookup
                0x0000000010003918       0x36 CMakeFiles/servo_serial_communication.dir/home/davisid/pico/pico-sdk/src/rp2_common/pico_bootrom/bootrom.c.obj
                0x0000000010003918                rom_funcs_lookup
 *fill*         0x000000001000394e        0x2 
 .text.__wrap___aeabi_idiv
                0x0000000010003950       0x50 CMakeFiles/servo_serial_communication.dir/home/davisid/pico/pico-sdk/src/rp2_common/pico_divider/divider.S.obj
                0x0000000010003950                __wrap___aeabi_idivmod
                0x0000000010003950                divmod_s32s32
                0x0000000010003950                div_s32s32
                0x0000000010003950                __wrap___aeabi_idiv
                0x0000000010003958                divmod_s32s32_unsafe
                0x0000000010003984                divmod_s32s32_savestate
 .text.__wrap___aeabi_uidiv
                0x00000000100039a0       0x4c CMakeFiles/servo_serial_communication.dir/home/davisid/pico/pico-sdk/src/rp2_common/pico_divider/divider.S.obj
                0x00000000100039a0                __wrap___aeabi_uidiv
                0x00000000100039a0                __wrap___aeabi_uidivmod
                0x00000000100039a0                div_u32u32
                0x00000000100039a0                divmod_u32u32
                0x00000000100039a8                divmod_u32u32_unsafe
                0x00000000100039d0                divmod_u32u32_savestate
 .text.__wrap___aeabi_ldiv
                0x00000000100039ec      0x424 CMakeFiles/servo_serial_communication.dir/home/davisid/pico/pico-sdk/src/rp2_common/pico_divider/divider.S.obj
                0x00000000100039ec                div_s64s64
                0x00000000100039ec                divmod_s64s64
                0x00000000100039ec                __wrap___aeabi_ldivmod
                0x0000000010003a1c                div_u64u64
                0x0000000010003a1c                divmod_u64u64
                0x0000000010003a1c                __wrap___aeabi_uldivmod
                0x0000000010003a2c                divmod_u64u64_savestate
                0x0000000010003a4c                divmod_s64s64_unsafe
                0x0000000010003ad4                divmod_u64u64_unsafe
 .text.__wrap___aeabi_darithmetic
                0x0000000010003e10       0x80 CMakeFiles/servo_serial_communication.dir/home/davisid/pico/pico-sdk/src/rp2_common/pico_double/double_aeabi.S.obj
                0x0000000010003e10                __wrap___aeabi_drsub
                0x0000000010003e16                __wrap___aeabi_dsub
                0x0000000010003e28                __wrap___aeabi_dadd
                0x0000000010003e3a                __wrap___aeabi_ddiv
                0x0000000010003e76                __wrap___aeabi_dmul
 .text.__wrap___aeabi_cdcmple
                0x0000000010003e90       0x6c CMakeFiles/servo_serial_communication.dir/home/davisid/pico/pico-sdk/src/rp2_common/pico_double/double_aeabi.S.obj
                0x0000000010003e90                __wrap___aeabi_cdrcmple
                0x0000000010003ea0                __wrap___aeabi_cdcmple
                0x0000000010003ea0                __wrap___aeabi_cdcmpeq
 .text.__wrap___aeabi_dcmplt
                0x0000000010003efc        0xc CMakeFiles/servo_serial_communication.dir/home/davisid/pico/pico-sdk/src/rp2_common/pico_double/double_aeabi.S.obj
                0x0000000010003efc                __wrap___aeabi_dcmplt
 .text.__wrap___aeabi_dcmple
                0x0000000010003f08       0x10 CMakeFiles/servo_serial_communication.dir/home/davisid/pico/pico-sdk/src/rp2_common/pico_double/double_aeabi.S.obj
                0x0000000010003f08                __wrap___aeabi_dcmple
 .text.__wrap___aeabi_dcmpge
                0x0000000010003f18       0x10 CMakeFiles/servo_serial_communication.dir/home/davisid/pico/pico-sdk/src/rp2_common/pico_double/double_aeabi.S.obj
                0x0000000010003f18                __wrap___aeabi_dcmpge
 .text.__wrap___aeabi_dcmpgt
                0x0000000010003f28        0xa CMakeFiles/servo_serial_communication.dir/home/davisid/pico/pico-sdk/src/rp2_common/pico_double/double_aeabi.S.obj
                0x0000000010003f28                __wrap___aeabi_dcmpgt
 .text.__wrap___aeabi_dcmpun
                0x0000000010003f32       0x1c CMakeFiles/servo_serial_communication.dir/home/davisid/pico/pico-sdk/src/rp2_common/pico_double/double_aeabi.S.obj
                0x0000000010003f32                __wrap___aeabi_dcmpun
 *fill*         0x0000000010003f4e        0x2 
 .text.__wrap___aeabi_i2d
                0x0000000010003f50       0x38 CMakeFiles/servo_serial_communication.dir/home/davisid/pico/pico-sdk/src/rp2_common/pico_double/double_aeabi.S.obj
                0x0000000010003f50                __wrap___aeabi_ui2d
                0x0000000010003f58                __wrap___aeabi_i2d
 .text.__wrap___aeabi_d2iz
                0x0000000010003f88       0x48 CMakeFiles/servo_serial_communication.dir/home/davisid/pico/pico-sdk/src/rp2_common/pico_double/double_aeabi.S.obj
                0x0000000010003f88                __wrap___aeabi_d2iz
                0x0000000010003f88                double2int_z
 .text.__wrap___aeabi_d2uiz
                0x0000000010003fd0       0x18 CMakeFiles/servo_serial_communication.dir/home/davisid/pico/pico-sdk/src/rp2_common/pico_double/double_aeabi.S.obj
                0x0000000010003fd0                double2uint
                0x0000000010003fd0                __wrap___aeabi_d2uiz
 .text.__wrap___aeabi_d2f
                0x0000000010003fe8       0x18 CMakeFiles/servo_serial_communication.dir/home/davisid/pico/pico-sdk/src/rp2_common/pico_double/double_aeabi.S.obj
                0x0000000010003fe8                __wrap___aeabi_d2f
 .text.__aeabi_double_init
                0x0000000010004000       0xc8 CMakeFiles/servo_serial_communication.dir/home/davisid/pico/pico-sdk/src/rp2_common/pico_double/double_init_rom.c.obj
                0x0000000010004000                __aeabi_double_init
 .text.double_table_shim_on_use_helper
                0x00000000100040c8       0x34 CMakeFiles/servo_serial_communication.dir/home/davisid/pico/pico-sdk/src/rp2_common/pico_double/double_v1_rom_shim.S.obj
                0x00000000100040c8                double_table_shim_on_use_helper
 .text.__wrap___aeabi_dsub
                0x00000000100040fc       0x10 CMakeFiles/servo_serial_communication.dir/home/davisid/pico/pico-sdk/src/rp2_common/pico_double/double_v1_rom_shim.S.obj
                0x00000000100040fc                drsub_shim
                0x0000000010004102                dsub_shim
 .text.dadd_shim
                0x000000001000410c      0x15c CMakeFiles/servo_serial_communication.dir/home/davisid/pico/pico-sdk/src/rp2_common/pico_double/double_v1_rom_shim.S.obj
                0x000000001000410c                dadd_shim
 .text.dmul_shim
                0x0000000010004268      0x15c CMakeFiles/servo_serial_communication.dir/home/davisid/pico/pico-sdk/src/rp2_common/pico_double/double_v1_rom_shim.S.obj
                0x0000000010004268                dmul_shim
 .text.ddiv_shim
                0x00000000100043c4      0x1b0 CMakeFiles/servo_serial_communication.dir/home/davisid/pico/pico-sdk/src/rp2_common/pico_double/double_v1_rom_shim.S.obj
                0x00000000100043c4                ddiv_shim
 .text.double2uint_shim
                0x0000000010004574        0xe CMakeFiles/servo_serial_communication.dir/home/davisid/pico/pico-sdk/src/rp2_common/pico_double/double_v1_rom_shim.S.obj
                0x0000000010004574                double2uint_shim
                0x0000000010004576                double2ufix_shim
 *fill*         0x0000000010004582        0x2 
 .text.double2uint64_shim
                0x0000000010004584       0x70 CMakeFiles/servo_serial_communication.dir/home/davisid/pico/pico-sdk/src/rp2_common/pico_double/double_v1_rom_shim.S.obj
                0x0000000010004584                double2uint64_shim
                0x0000000010004586                double2ufix64_shim
                0x00000000100045a6                d2fix_a
 .text.double2float_shim
                0x00000000100045f4       0x5c CMakeFiles/servo_serial_communication.dir/home/davisid/pico/pico-sdk/src/rp2_common/pico_double/double_v1_rom_shim.S.obj
                0x00000000100045f4                double2float_shim
 .text.dunpacks
                0x0000000010004650       0x3c CMakeFiles/servo_serial_communication.dir/home/davisid/pico/pico-sdk/src/rp2_common/pico_double/double_v1_rom_shim.S.obj
                0x0000000010004650                dunpacks
 .text.__aeabi_lmul
                0x000000001000468c       0x32 CMakeFiles/servo_serial_communication.dir/home/davisid/pico/pico-sdk/src/rp2_common/pico_int64_ops/pico_int64_ops_aeabi.S.obj
                0x000000001000468c                __wrap___aeabi_lmul
 *fill*         0x00000000100046be        0x2 
 .text.__wrap___aeabi_farithmetic
                0x00000000100046c0       0x58 CMakeFiles/servo_serial_communication.dir/home/davisid/pico/pico-sdk/src/rp2_common/pico_float/float_aeabi.S.obj
                0x00000000100046c0                __wrap___aeabi_frsub
                0x00000000100046c6                __wrap___aeabi_fsub
                0x00000000100046d0                __wrap___aeabi_fadd
                0x00000000100046da                __wrap___aeabi_fdiv
                0x0000000010004706                __wrap___aeabi_fmul
 .text.__wrap___aeabi_i2f
                0x0000000010004718       0x44 CMakeFiles/servo_serial_communication.dir/home/davisid/pico/pico-sdk/src/rp2_common/pico_float/float_aeabi.S.obj
                0x0000000010004718                __wrap___aeabi_i2f
 .text.__wrap___aeabi_f2uiz
                0x000000001000475c       0x10 CMakeFiles/servo_serial_communication.dir/home/davisid/pico/pico-sdk/src/rp2_common/pico_float/float_aeabi.S.obj
                0x000000001000475c                __wrap___aeabi_f2uiz
 .text.__wrap___aeabi_f2d
                0x000000001000476c       0x14 CMakeFiles/servo_serial_communication.dir/home/davisid/pico/pico-sdk/src/rp2_common/pico_float/float_aeabi.S.obj
                0x000000001000476c                __wrap___aeabi_f2d
 .text.__aeabi_float_init
                0x0000000010004780       0xfc CMakeFiles/servo_serial_communication.dir/home/davisid/pico/pico-sdk/src/rp2_common/pico_float/float_init_rom.c.obj
                0x0000000010004780                __aeabi_float_init
 .text.float_table_shim_on_use_helper
                0x000000001000487c       0x34 CMakeFiles/servo_serial_communication.dir/home/davisid/pico/pico-sdk/src/rp2_common/pico_float/float_v1_rom_shim.S.obj
                0x000000001000487c                float_table_shim_on_use_helper
 .text.float2double_shim
                0x00000000100048b0       0x30 CMakeFiles/servo_serial_communication.dir/home/davisid/pico/pico-sdk/src/rp2_common/pico_float/float_v1_rom_shim.S.obj
                0x00000000100048b0                float2double_shim
 .text          0x00000000100048e0       0x10 CMakeFiles/servo_serial_communication.dir/home/davisid/pico/pico-sdk/src/rp2_common/pico_mem_ops/mem_ops_aeabi.S.obj
                0x00000000100048e0                __aeabi_mem_init
 .text.memset   0x00000000100048f0        0xc CMakeFiles/servo_serial_communication.dir/home/davisid/pico/pico-sdk/src/rp2_common/pico_mem_ops/mem_ops_aeabi.S.obj
                0x00000000100048f0                __wrap_memset
 .text.memcpy   0x00000000100048fc        0xc CMakeFiles/servo_serial_communication.dir/home/davisid/pico/pico-sdk/src/rp2_common/pico_mem_ops/mem_ops_aeabi.S.obj
                0x00000000100048fc                __wrap___aeabi_memcpy
                0x00000000100048fc                __wrap_memcpy
 .text.stdio_out_chars_no_crlf
                0x0000000010004908        0xe CMakeFiles/servo_serial_communication.dir/home/davisid/pico/pico-sdk/src/rp2_common/pico_stdio/stdio.c.obj
 *fill*         0x0000000010004916        0x2 
 .text.stdio_out_chars_crlf
                0x0000000010004918       0x80 CMakeFiles/servo_serial_communication.dir/home/davisid/pico/pico-sdk/src/rp2_common/pico_stdio/stdio.c.obj
 .text.stdio_stack_buffer_flush
                0x0000000010004998       0x44 CMakeFiles/servo_serial_communication.dir/home/davisid/pico/pico-sdk/src/rp2_common/pico_stdio/stdio.c.obj
 .text.stdio_buffered_printer
                0x00000000100049dc       0x20 CMakeFiles/servo_serial_communication.dir/home/davisid/pico/pico-sdk/src/rp2_common/pico_stdio/stdio.c.obj
 .text.stdio_get_until
                0x00000000100049fc       0x80 CMakeFiles/servo_serial_communication.dir/home/davisid/pico/pico-sdk/src/rp2_common/pico_stdio/stdio.c.obj
 .text.stdout_serialize_begin
                0x0000000010004a7c       0x5c CMakeFiles/servo_serial_communication.dir/home/davisid/pico/pico-sdk/src/rp2_common/pico_stdio/stdio.c.obj
                0x0000000010004a7c                stdout_serialize_begin
 .text.stdout_serialize_end
                0x0000000010004ad8       0x10 CMakeFiles/servo_serial_communication.dir/home/davisid/pico/pico-sdk/src/rp2_common/pico_stdio/stdio.c.obj
                0x0000000010004ad8                stdout_serialize_end
 .text.stdio_put_string
                0x0000000010004ae8       0x98 CMakeFiles/servo_serial_communication.dir/home/davisid/pico/pico-sdk/src/rp2_common/pico_stdio/stdio.c.obj
 .text.stdio_set_driver_enabled
                0x0000000010004b80       0x2c CMakeFiles/servo_serial_communication.dir/home/davisid/pico/pico-sdk/src/rp2_common/pico_stdio/stdio.c.obj
                0x0000000010004b80                stdio_set_driver_enabled
 .text.stdio_flush
                0x0000000010004bac       0x20 CMakeFiles/servo_serial_communication.dir/home/davisid/pico/pico-sdk/src/rp2_common/pico_stdio/stdio.c.obj
                0x0000000010004bac                stdio_flush
 .text.__wrap_puts
                0x0000000010004bcc       0x1e CMakeFiles/servo_serial_communication.dir/home/davisid/pico/pico-sdk/src/rp2_common/pico_stdio/stdio.c.obj
                0x0000000010004bcc                __wrap_puts
 *fill*         0x0000000010004bea        0x2 
 .text.__wrap_vprintf
                0x0000000010004bec       0x40 CMakeFiles/servo_serial_communication.dir/home/davisid/pico/pico-sdk/src/rp2_common/pico_stdio/stdio.c.obj
                0x0000000010004bec                __wrap_vprintf
 .text.__wrap_printf
                0x0000000010004c2c       0x18 CMakeFiles/servo_serial_communication.dir/home/davisid/pico/pico-sdk/src/rp2_common/pico_stdio/stdio.c.obj
                0x0000000010004c2c                __wrap_printf
 .text.stdio_init_all
                0x0000000010004c44        0x8 CMakeFiles/servo_serial_communication.dir/home/davisid/pico/pico-sdk/src/rp2_common/pico_stdio/stdio.c.obj
                0x0000000010004c44                stdio_init_all
 .text.__wrap_getchar
                0x0000000010004c4c       0x40 CMakeFiles/servo_serial_communication.dir/home/davisid/pico/pico-sdk/src/rp2_common/pico_stdio/stdio.c.obj
                0x0000000010004c4c                __wrap_getchar
 .text.resetd_init
                0x0000000010004c8c        0x2 CMakeFiles/servo_serial_communication.dir/home/davisid/pico/pico-sdk/src/rp2_common/pico_stdio_usb/reset_interface.c.obj
 *fill*         0x0000000010004c8e        0x2 
 .text.resetd_reset
                0x0000000010004c90        0xc CMakeFiles/servo_serial_communication.dir/home/davisid/pico/pico-sdk/src/rp2_common/pico_stdio_usb/reset_interface.c.obj
 .text.resetd_open
                0x0000000010004c9c       0x34 CMakeFiles/servo_serial_communication.dir/home/davisid/pico/pico-sdk/src/rp2_common/pico_stdio_usb/reset_interface.c.obj
 .text.resetd_xfer_cb
                0x0000000010004cd0        0x4 CMakeFiles/servo_serial_communication.dir/home/davisid/pico/pico-sdk/src/rp2_common/pico_stdio_usb/reset_interface.c.obj
 .text.resetd_control_xfer_cb
                0x0000000010004cd4       0x6c CMakeFiles/servo_serial_communication.dir/home/davisid/pico/pico-sdk/src/rp2_common/pico_stdio_usb/reset_interface.c.obj
 .text.usbd_app_driver_get_cb
                0x0000000010004d40        0xc CMakeFiles/servo_serial_communication.dir/home/davisid/pico/pico-sdk/src/rp2_common/pico_stdio_usb/reset_interface.c.obj
                0x0000000010004d40                usbd_app_driver_get_cb
 .text.tud_cdc_line_coding_cb
                0x0000000010004d4c       0x34 CMakeFiles/servo_serial_communication.dir/home/davisid/pico/pico-sdk/src/rp2_common/pico_stdio_usb/reset_interface.c.obj
                0x0000000010004d4c                tud_cdc_line_coding_cb
 .text.stdio_usb_set_chars_available_callback
                0x0000000010004d80       0x14 CMakeFiles/servo_serial_communication.dir/home/davisid/pico/pico-sdk/src/rp2_common/pico_stdio_usb/stdio_usb.c.obj
                0x0000000010004d80                stdio_usb_set_chars_available_callback
 .text.usb_irq  0x0000000010004d94       0x10 CMakeFiles/servo_serial_communication.dir/home/davisid/pico/pico-sdk/src/rp2_common/pico_stdio_usb/stdio_usb.c.obj
 .text.timer_task
                0x0000000010004da4       0x58 CMakeFiles/servo_serial_communication.dir/home/davisid/pico/pico-sdk/src/rp2_common/pico_stdio_usb/stdio_usb.c.obj
 .text.low_priority_worker_irq
                0x0000000010004dfc       0xd8 CMakeFiles/servo_serial_communication.dir/home/davisid/pico/pico-sdk/src/rp2_common/pico_stdio_usb/stdio_usb.c.obj
 .text.tud_cdc_rx_cb
                0x0000000010004ed4       0x20 CMakeFiles/servo_serial_communication.dir/home/davisid/pico/pico-sdk/src/rp2_common/pico_stdio_usb/stdio_usb.c.obj
                0x0000000010004ed4                tud_cdc_rx_cb
 .text.stdio_usb_init
                0x0000000010004ef4      0x11c CMakeFiles/servo_serial_communication.dir/home/davisid/pico/pico-sdk/src/rp2_common/pico_stdio_usb/stdio_usb.c.obj
                0x0000000010004ef4                stdio_usb_init
 .text.stdio_usb_connected
                0x0000000010005010        0xa CMakeFiles/servo_serial_communication.dir/home/davisid/pico/pico-sdk/src/rp2_common/pico_stdio_usb/stdio_usb.c.obj
                0x0000000010005010                stdio_usb_connected
 *fill*         0x000000001000501a        0x2 
 .text.stdio_usb_in_chars
                0x000000001000501c       0xc4 CMakeFiles/servo_serial_communication.dir/home/davisid/pico/pico-sdk/src/rp2_common/pico_stdio_usb/stdio_usb.c.obj
                0x000000001000501c                stdio_usb_in_chars
 .text.stdio_usb_out_chars
                0x00000000100050e0      0x114 CMakeFiles/servo_serial_communication.dir/home/davisid/pico/pico-sdk/src/rp2_common/pico_stdio_usb/stdio_usb.c.obj
 .text.tud_descriptor_device_cb
                0x00000000100051f4        0x8 CMakeFiles/servo_serial_communication.dir/home/davisid/pico/pico-sdk/src/rp2_common/pico_stdio_usb/stdio_usb_descriptors.c.obj
                0x00000000100051f4                tud_descriptor_device_cb
 .text.tud_descriptor_configuration_cb
                0x00000000100051fc        0x8 CMakeFiles/servo_serial_communication.dir/home/davisid/pico/pico-sdk/src/rp2_common/pico_stdio_usb/stdio_usb_descriptors.c.obj
                0x00000000100051fc                tud_descriptor_configuration_cb
 .text.tud_descriptor_string_cb
                0x0000000010005204       0x6c CMakeFiles/servo_serial_communication.dir/home/davisid/pico/pico-sdk/src/rp2_common/pico_stdio_usb/stdio_usb_descriptors.c.obj
                0x0000000010005204                tud_descriptor_string_cb
 .text._retrieve_unique_id_on_boot
                0x0000000010005270       0x10 CMakeFiles/servo_serial_communication.dir/home/davisid/pico/pico-sdk/src/rp2_common/pico_unique_id/unique_id.c.obj
 .text.pico_get_unique_board_id_string
                0x0000000010005280       0x60 CMakeFiles/servo_serial_communication.dir/home/davisid/pico/pico-sdk/src/rp2_common/pico_unique_id/unique_id.c.obj
                0x0000000010005280                pico_get_unique_board_id_string
 .text.flash_get_unique_id
                0x00000000100052e0       0x46 CMakeFiles/servo_serial_communication.dir/home/davisid/pico/pico-sdk/src/rp2_common/hardware_flash/flash.c.obj
                0x00000000100052e0                flash_get_unique_id
 *fill*         0x0000000010005326        0x2 
 .text.hw_endpoint_get_by_addr
                0x0000000010005328       0x18 CMakeFiles/servo_serial_communication.dir/home/davisid/pico/pico-sdk/lib/tinyusb/src/portable/raspberrypi/rp2040/dcd_rp2040.c.obj
 .text._hw_endpoint_alloc
                0x0000000010005340       0x70 CMakeFiles/servo_serial_communication.dir/home/davisid/pico/pico-sdk/lib/tinyusb/src/portable/raspberrypi/rp2040/dcd_rp2040.c.obj
 .text.hw_endpoint_init
                0x00000000100053b0       0x88 CMakeFiles/servo_serial_communication.dir/home/davisid/pico/pico-sdk/lib/tinyusb/src/portable/raspberrypi/rp2040/dcd_rp2040.c.obj
 .text.hw_endpoint_xfer
                0x0000000010005438       0x14 CMakeFiles/servo_serial_communication.dir/home/davisid/pico/pico-sdk/lib/tinyusb/src/portable/raspberrypi/rp2040/dcd_rp2040.c.obj
 .text.dcd_int_enable
                0x000000001000544c       0x2c CMakeFiles/servo_serial_communication.dir/home/davisid/pico/pico-sdk/lib/tinyusb/src/portable/raspberrypi/rp2040/dcd_rp2040.c.obj
                0x000000001000544c                dcd_int_enable
 .text.dcd_set_address
                0x0000000010005478       0x2c CMakeFiles/servo_serial_communication.dir/home/davisid/pico/pico-sdk/lib/tinyusb/src/portable/raspberrypi/rp2040/dcd_rp2040.c.obj
                0x0000000010005478                dcd_set_address
 .text.dcd_connect
                0x00000000100054a4       0x10 CMakeFiles/servo_serial_communication.dir/home/davisid/pico/pico-sdk/lib/tinyusb/src/portable/raspberrypi/rp2040/dcd_rp2040.c.obj
                0x00000000100054a4                dcd_connect
 .text.dcd_init
                0x00000000100054b4       0x80 CMakeFiles/servo_serial_communication.dir/home/davisid/pico/pico-sdk/lib/tinyusb/src/portable/raspberrypi/rp2040/dcd_rp2040.c.obj
                0x00000000100054b4                dcd_init
 .text.dcd_edpt0_status_complete
                0x0000000010005534       0x1c CMakeFiles/servo_serial_communication.dir/home/davisid/pico/pico-sdk/lib/tinyusb/src/portable/raspberrypi/rp2040/dcd_rp2040.c.obj
                0x0000000010005534                dcd_edpt0_status_complete
 .text.dcd_edpt_open
                0x0000000010005550       0x40 CMakeFiles/servo_serial_communication.dir/home/davisid/pico/pico-sdk/lib/tinyusb/src/portable/raspberrypi/rp2040/dcd_rp2040.c.obj
                0x0000000010005550                dcd_edpt_open
 .text.dcd_edpt_close_all
                0x0000000010005590        0x8 CMakeFiles/servo_serial_communication.dir/home/davisid/pico/pico-sdk/lib/tinyusb/src/portable/raspberrypi/rp2040/dcd_rp2040.c.obj
                0x0000000010005590                dcd_edpt_close_all
 .text.dcd_edpt_xfer
                0x0000000010005598       0x34 CMakeFiles/servo_serial_communication.dir/home/davisid/pico/pico-sdk/lib/tinyusb/src/portable/raspberrypi/rp2040/dcd_rp2040.c.obj
                0x0000000010005598                dcd_edpt_xfer
 .text.dcd_edpt_stall
                0x00000000100055cc       0x2c CMakeFiles/servo_serial_communication.dir/home/davisid/pico/pico-sdk/lib/tinyusb/src/portable/raspberrypi/rp2040/dcd_rp2040.c.obj
                0x00000000100055cc                dcd_edpt_stall
 .text.dcd_edpt_clear_stall
                0x00000000100055f8       0x20 CMakeFiles/servo_serial_communication.dir/home/davisid/pico/pico-sdk/lib/tinyusb/src/portable/raspberrypi/rp2040/dcd_rp2040.c.obj
                0x00000000100055f8                dcd_edpt_clear_stall
 .text.rp2040_usb_init
                0x0000000010005618       0x4c CMakeFiles/servo_serial_communication.dir/home/davisid/pico/pico-sdk/lib/tinyusb/src/portable/raspberrypi/rp2040/rp2040_usb.c.obj
                0x0000000010005618                rp2040_usb_init
 .text.hw_endpoint_xfer_start
                0x0000000010005664       0x50 CMakeFiles/servo_serial_communication.dir/home/davisid/pico/pico-sdk/lib/tinyusb/src/portable/raspberrypi/rp2040/rp2040_usb.c.obj
                0x0000000010005664                hw_endpoint_xfer_start
 .text.configuration_reset
                0x00000000100056b4       0x84 CMakeFiles/servo_serial_communication.dir/home/davisid/pico/pico-sdk/lib/tinyusb/src/device/usbd.c.obj
 .text.usbd_reset
                0x0000000010005738        0xc CMakeFiles/servo_serial_communication.dir/home/davisid/pico/pico-sdk/lib/tinyusb/src/device/usbd.c.obj
 .text.invoke_class_control
                0x0000000010005744       0x1a CMakeFiles/servo_serial_communication.dir/home/davisid/pico/pico-sdk/lib/tinyusb/src/device/usbd.c.obj
 *fill*         0x000000001000575e        0x2 
 .text.process_set_config
                0x0000000010005760      0x174 CMakeFiles/servo_serial_communication.dir/home/davisid/pico/pico-sdk/lib/tinyusb/src/device/usbd.c.obj
 .text.process_get_descriptor
                0x00000000100058d4       0xdc CMakeFiles/servo_serial_communication.dir/home/davisid/pico/pico-sdk/lib/tinyusb/src/device/usbd.c.obj
 .text.tud_mounted
                0x00000000100059b0       0x10 CMakeFiles/servo_serial_communication.dir/home/davisid/pico/pico-sdk/lib/tinyusb/src/device/usbd.c.obj
                0x00000000100059b0                tud_mounted
 .text.tud_suspended
                0x00000000100059c0       0x10 CMakeFiles/servo_serial_communication.dir/home/davisid/pico/pico-sdk/lib/tinyusb/src/device/usbd.c.obj
                0x00000000100059c0                tud_suspended
 .text.tud_inited
                0x00000000100059d0       0x14 CMakeFiles/servo_serial_communication.dir/home/davisid/pico/pico-sdk/lib/tinyusb/src/device/usbd.c.obj
                0x00000000100059d0                tud_inited
 .text.tud_init
                0x00000000100059e4       0xcc CMakeFiles/servo_serial_communication.dir/home/davisid/pico/pico-sdk/lib/tinyusb/src/device/usbd.c.obj
                0x00000000100059e4                tud_init
 .text.usbd_defer_func
                0x0000000010005ab0       0x1e CMakeFiles/servo_serial_communication.dir/home/davisid/pico/pico-sdk/lib/tinyusb/src/device/usbd.c.obj
                0x0000000010005ab0                usbd_defer_func
 *fill*         0x0000000010005ace        0x2 
 .text.usbd_edpt_open
                0x0000000010005ad0       0x34 CMakeFiles/servo_serial_communication.dir/home/davisid/pico/pico-sdk/lib/tinyusb/src/device/usbd.c.obj
                0x0000000010005ad0                usbd_edpt_open
 .text.usbd_open_edpt_pair
                0x0000000010005b04       0x62 CMakeFiles/servo_serial_communication.dir/home/davisid/pico/pico-sdk/lib/tinyusb/src/device/usbd.c.obj
                0x0000000010005b04                usbd_open_edpt_pair
 *fill*         0x0000000010005b66        0x2 
 .text.usbd_edpt_claim
                0x0000000010005b68       0x28 CMakeFiles/servo_serial_communication.dir/home/davisid/pico/pico-sdk/lib/tinyusb/src/device/usbd.c.obj
                0x0000000010005b68                usbd_edpt_claim
 .text.usbd_edpt_release
                0x0000000010005b90       0x28 CMakeFiles/servo_serial_communication.dir/home/davisid/pico/pico-sdk/lib/tinyusb/src/device/usbd.c.obj
                0x0000000010005b90                usbd_edpt_release
 .text.usbd_edpt_xfer
                0x0000000010005bb8       0x78 CMakeFiles/servo_serial_communication.dir/home/davisid/pico/pico-sdk/lib/tinyusb/src/device/usbd.c.obj
                0x0000000010005bb8                usbd_edpt_xfer
 .text.usbd_edpt_stall
                0x0000000010005c30       0x48 CMakeFiles/servo_serial_communication.dir/home/davisid/pico/pico-sdk/lib/tinyusb/src/device/usbd.c.obj
                0x0000000010005c30                usbd_edpt_stall
 .text.usbd_edpt_clear_stall
                0x0000000010005c78       0x48 CMakeFiles/servo_serial_communication.dir/home/davisid/pico/pico-sdk/lib/tinyusb/src/device/usbd.c.obj
                0x0000000010005c78                usbd_edpt_clear_stall
 .text.usbd_edpt_stalled
                0x0000000010005cc0       0x1c CMakeFiles/servo_serial_communication.dir/home/davisid/pico/pico-sdk/lib/tinyusb/src/device/usbd.c.obj
                0x0000000010005cc0                usbd_edpt_stalled
 .text.process_control_request
                0x0000000010005cdc      0x37c CMakeFiles/servo_serial_communication.dir/home/davisid/pico/pico-sdk/lib/tinyusb/src/device/usbd.c.obj
 .text.tud_task_ext
                0x0000000010006058      0x1b4 CMakeFiles/servo_serial_communication.dir/home/davisid/pico/pico-sdk/lib/tinyusb/src/device/usbd.c.obj
                0x0000000010006058                tud_task_ext
 .text._data_stage_xact
                0x000000001000620c       0x58 CMakeFiles/servo_serial_communication.dir/home/davisid/pico/pico-sdk/lib/tinyusb/src/device/usbd_control.c.obj
 .text.tud_control_status
                0x0000000010006264       0x38 CMakeFiles/servo_serial_communication.dir/home/davisid/pico/pico-sdk/lib/tinyusb/src/device/usbd_control.c.obj
                0x0000000010006264                tud_control_status
 .text.tud_control_xfer
                0x000000001000629c       0x74 CMakeFiles/servo_serial_communication.dir/home/davisid/pico/pico-sdk/lib/tinyusb/src/device/usbd_control.c.obj
                0x000000001000629c                tud_control_xfer
 .text.usbd_control_reset
                0x0000000010006310       0x14 CMakeFiles/servo_serial_communication.dir/home/davisid/pico/pico-sdk/lib/tinyusb/src/device/usbd_control.c.obj
                0x0000000010006310                usbd_control_reset
 .text.usbd_control_set_complete_callback
                0x0000000010006324        0xc CMakeFiles/servo_serial_communication.dir/home/davisid/pico/pico-sdk/lib/tinyusb/src/device/usbd_control.c.obj
                0x0000000010006324                usbd_control_set_complete_callback
 .text.usbd_control_set_request
                0x0000000010006330       0x1c CMakeFiles/servo_serial_communication.dir/home/davisid/pico/pico-sdk/lib/tinyusb/src/device/usbd_control.c.obj
                0x0000000010006330                usbd_control_set_request
 .text.usbd_control_xfer_cb
                0x000000001000634c       0xcc CMakeFiles/servo_serial_communication.dir/home/davisid/pico/pico-sdk/lib/tinyusb/src/device/usbd_control.c.obj
                0x000000001000634c                usbd_control_xfer_cb
 .text._prep_out_transaction
                0x0000000010006418       0x4a CMakeFiles/servo_serial_communication.dir/home/davisid/pico/pico-sdk/lib/tinyusb/src/class/cdc/cdc_device.c.obj
 *fill*         0x0000000010006462        0x2 
 .text.tud_cdc_n_connected
                0x0000000010006464       0x44 CMakeFiles/servo_serial_communication.dir/home/davisid/pico/pico-sdk/lib/tinyusb/src/class/cdc/cdc_device.c.obj
                0x0000000010006464                tud_cdc_n_connected
 .text.tud_cdc_n_available
                0x00000000100064a8       0x18 CMakeFiles/servo_serial_communication.dir/home/davisid/pico/pico-sdk/lib/tinyusb/src/class/cdc/cdc_device.c.obj
                0x00000000100064a8                tud_cdc_n_available
 .text.tud_cdc_n_read
                0x00000000100064c0       0x28 CMakeFiles/servo_serial_communication.dir/home/davisid/pico/pico-sdk/lib/tinyusb/src/class/cdc/cdc_device.c.obj
                0x00000000100064c0                tud_cdc_n_read
 .text.tud_cdc_n_write_flush
                0x00000000100064e8       0xb8 CMakeFiles/servo_serial_communication.dir/home/davisid/pico/pico-sdk/lib/tinyusb/src/class/cdc/cdc_device.c.obj
                0x00000000100064e8                tud_cdc_n_write_flush
 .text.tud_cdc_n_write
                0x00000000100065a0       0x38 CMakeFiles/servo_serial_communication.dir/home/davisid/pico/pico-sdk/lib/tinyusb/src/class/cdc/cdc_device.c.obj
                0x00000000100065a0                tud_cdc_n_write
 .text.tud_cdc_n_write_available
                0x00000000100065d8       0x1c CMakeFiles/servo_serial_communication.dir/home/davisid/pico/pico-sdk/lib/tinyusb/src/class/cdc/cdc_device.c.obj
                0x00000000100065d8                tud_cdc_n_write_available
 .text.cdcd_init
                0x00000000100065f4       0xbc CMakeFiles/servo_serial_communication.dir/home/davisid/pico/pico-sdk/lib/tinyusb/src/class/cdc/cdc_device.c.obj
                0x00000000100065f4                cdcd_init
 .text.cdcd_reset
                0x00000000100066b0       0x44 CMakeFiles/servo_serial_communication.dir/home/davisid/pico/pico-sdk/lib/tinyusb/src/class/cdc/cdc_device.c.obj
                0x00000000100066b0                cdcd_reset
 .text.cdcd_open
                0x00000000100066f4       0xcc CMakeFiles/servo_serial_communication.dir/home/davisid/pico/pico-sdk/lib/tinyusb/src/class/cdc/cdc_device.c.obj
                0x00000000100066f4                cdcd_open
 .text.cdcd_control_xfer_cb
                0x00000000100067c0      0x134 CMakeFiles/servo_serial_communication.dir/home/davisid/pico/pico-sdk/lib/tinyusb/src/class/cdc/cdc_device.c.obj
                0x00000000100067c0                cdcd_control_xfer_cb
 .text.cdcd_xfer_cb
                0x00000000100068f4      0x130 CMakeFiles/servo_serial_communication.dir/home/davisid/pico/pico-sdk/lib/tinyusb/src/class/cdc/cdc_device.c.obj
                0x00000000100068f4                cdcd_xfer_cb
 .text.tusb_init
                0x0000000010006a24        0xa CMakeFiles/servo_serial_communication.dir/home/davisid/pico/pico-sdk/lib/tinyusb/src/tusb.c.obj
                0x0000000010006a24                tusb_init
 .text.tusb_inited
                0x0000000010006a2e        0xe CMakeFiles/servo_serial_communication.dir/home/davisid/pico/pico-sdk/lib/tinyusb/src/tusb.c.obj
                0x0000000010006a2e                tusb_inited
 .text.tu_edpt_claim
                0x0000000010006a3c       0x50 CMakeFiles/servo_serial_communication.dir/home/davisid/pico/pico-sdk/lib/tinyusb/src/tusb.c.obj
                0x0000000010006a3c                tu_edpt_claim
 .text.tu_edpt_release
                0x0000000010006a8c       0x3c CMakeFiles/servo_serial_communication.dir/home/davisid/pico/pico-sdk/lib/tinyusb/src/tusb.c.obj
                0x0000000010006a8c                tu_edpt_release
 .text.tu_edpt_validate
                0x0000000010006ac8       0x78 CMakeFiles/servo_serial_communication.dir/home/davisid/pico/pico-sdk/lib/tinyusb/src/tusb.c.obj
                0x0000000010006ac8                tu_edpt_validate
 .text.tu_edpt_bind_driver
                0x0000000010006b40       0x26 CMakeFiles/servo_serial_communication.dir/home/davisid/pico/pico-sdk/lib/tinyusb/src/tusb.c.obj
                0x0000000010006b40                tu_edpt_bind_driver
 .text.advance_index
                0x0000000010006b66       0x1a CMakeFiles/servo_serial_communication.dir/home/davisid/pico/pico-sdk/lib/tinyusb/src/common/tusb_fifo.c.obj
 .text._tu_fifo_peek
                0x0000000010006b80       0x56 CMakeFiles/servo_serial_communication.dir/home/davisid/pico/pico-sdk/lib/tinyusb/src/common/tusb_fifo.c.obj
 .text._ff_pull_const_addr
                0x0000000010006bd6       0x4c CMakeFiles/servo_serial_communication.dir/home/davisid/pico/pico-sdk/lib/tinyusb/src/common/tusb_fifo.c.obj
 .text._ff_pull_n
                0x0000000010006c22      0x110 CMakeFiles/servo_serial_communication.dir/home/davisid/pico/pico-sdk/lib/tinyusb/src/common/tusb_fifo.c.obj
 .text._tu_fifo_peek_n
                0x0000000010006d32       0x6a CMakeFiles/servo_serial_communication.dir/home/davisid/pico/pico-sdk/lib/tinyusb/src/common/tusb_fifo.c.obj
 .text._tu_fifo_read_n
                0x0000000010006d9c       0x4e CMakeFiles/servo_serial_communication.dir/home/davisid/pico/pico-sdk/lib/tinyusb/src/common/tusb_fifo.c.obj
 .text._ff_push_const_addr
                0x0000000010006dea       0x40 CMakeFiles/servo_serial_communication.dir/home/davisid/pico/pico-sdk/lib/tinyusb/src/common/tusb_fifo.c.obj
 .text._ff_push_n
                0x0000000010006e2a      0x10a CMakeFiles/servo_serial_communication.dir/home/davisid/pico/pico-sdk/lib/tinyusb/src/common/tusb_fifo.c.obj
 .text._tu_fifo_write_n
                0x0000000010006f34       0xf0 CMakeFiles/servo_serial_communication.dir/home/davisid/pico/pico-sdk/lib/tinyusb/src/common/tusb_fifo.c.obj
 .text.tu_fifo_config
                0x0000000010007024       0x7e CMakeFiles/servo_serial_communication.dir/home/davisid/pico/pico-sdk/lib/tinyusb/src/common/tusb_fifo.c.obj
                0x0000000010007024                tu_fifo_config
 .text.tu_fifo_count
                0x00000000100070a2       0x2a CMakeFiles/servo_serial_communication.dir/home/davisid/pico/pico-sdk/lib/tinyusb/src/common/tusb_fifo.c.obj
                0x00000000100070a2                tu_fifo_count
 .text.tu_fifo_empty
                0x00000000100070cc        0xe CMakeFiles/servo_serial_communication.dir/home/davisid/pico/pico-sdk/lib/tinyusb/src/common/tusb_fifo.c.obj
                0x00000000100070cc                tu_fifo_empty
 .text.tu_fifo_full
                0x00000000100070da       0x28 CMakeFiles/servo_serial_communication.dir/home/davisid/pico/pico-sdk/lib/tinyusb/src/common/tusb_fifo.c.obj
                0x00000000100070da                tu_fifo_full
 .text.tu_fifo_remaining
                0x0000000010007102       0x2c CMakeFiles/servo_serial_communication.dir/home/davisid/pico/pico-sdk/lib/tinyusb/src/common/tusb_fifo.c.obj
                0x0000000010007102                tu_fifo_remaining
 .text.tu_fifo_read
                0x000000001000712e       0x42 CMakeFiles/servo_serial_communication.dir/home/davisid/pico/pico-sdk/lib/tinyusb/src/common/tusb_fifo.c.obj
                0x000000001000712e                tu_fifo_read
 .text.tu_fifo_read_n
                0x0000000010007170        0xa CMakeFiles/servo_serial_communication.dir/home/davisid/pico/pico-sdk/lib/tinyusb/src/common/tusb_fifo.c.obj
                0x0000000010007170                tu_fifo_read_n
 .text.tu_fifo_write
                0x000000001000717a       0x64 CMakeFiles/servo_serial_communication.dir/home/davisid/pico/pico-sdk/lib/tinyusb/src/common/tusb_fifo.c.obj
                0x000000001000717a                tu_fifo_write
 .text.tu_fifo_write_n
                0x00000000100071de        0xa CMakeFiles/servo_serial_communication.dir/home/davisid/pico/pico-sdk/lib/tinyusb/src/common/tusb_fifo.c.obj
                0x00000000100071de                tu_fifo_write_n
 .text.tu_fifo_clear
                0x00000000100071e8       0x3e CMakeFiles/servo_serial_communication.dir/home/davisid/pico/pico-sdk/lib/tinyusb/src/common/tusb_fifo.c.obj
                0x00000000100071e8                tu_fifo_clear
 .text.tu_fifo_set_overwritable
                0x0000000010007226       0x46 CMakeFiles/servo_serial_communication.dir/home/davisid/pico/pico-sdk/lib/tinyusb/src/common/tusb_fifo.c.obj
                0x0000000010007226                tu_fifo_set_overwritable
 .text.adc_init
                0x000000001000726c       0x34 CMakeFiles/servo_serial_communication.dir/home/davisid/pico/pico-sdk/src/rp2_common/hardware_adc/adc.c.obj
                0x000000001000726c                adc_init
 .text          0x00000000100072a0       0x88 /usr/lib/gcc/arm-none-eabi/9.2.1/../../../arm-none-eabi/lib/thumb/v6-m/nofp/libg.a(lib_a-strcmp.o)
                0x00000000100072a0                strcmp
 .text          0x0000000010007328       0x68 /usr/lib/gcc/arm-none-eabi/9.2.1/../../../arm-none-eabi/lib/thumb/v6-m/nofp/libg.a(lib_a-strlen-stub.o)
                0x0000000010007328                strlen
 *(.fini)
 .fini          0x0000000010007390        0x4 /usr/lib/gcc/arm-none-eabi/9.2.1/thumb/v6-m/nofp/crti.o
                0x0000000010007390                _fini
 *fill*         0x0000000010007394        0x4 
 .fini.__stub   0x0000000010007398       0xe0 linker stubs
 *crtbegin.o(.ctors)
 *crtbegin?.o(.ctors)
 *(EXCLUDE_FILE(*crtend.o *crtend?.o) .ctors)
 *(SORT_BY_NAME(.ctors.*))
 *(.ctors)
 *crtbegin.o(.dtors)
 *crtbegin?.o(.dtors)
 *(EXCLUDE_FILE(*crtend.o *crtend?.o) .dtors)
 *(SORT_BY_NAME(.dtors.*))
 *(.dtors)
 *(.eh_frame*)
 .eh_frame      0x0000000010007478        0x0 /usr/lib/gcc/arm-none-eabi/9.2.1/thumb/v6-m/nofp/crtbegin.o
                0x0000000010007478                . = ALIGN (0x4)

.glue_7         0x0000000010007478        0x0
 .glue_7        0x0000000010007478        0x0 linker stubs

.glue_7t        0x0000000010007478        0x0
 .glue_7t       0x0000000010007478        0x0 linker stubs

.vfp11_veneer   0x0000000010007478        0x0
 .vfp11_veneer  0x0000000010007478        0x0 linker stubs

.v4_bx          0x0000000010007478        0x0
 .v4_bx         0x0000000010007478        0x0 linker stubs

.iplt           0x0000000010007478        0x0
 .iplt          0x0000000010007478        0x0 /usr/lib/gcc/arm-none-eabi/9.2.1/thumb/v6-m/nofp/crtbegin.o

.rodata         0x0000000010007478     0x1740
 *(EXCLUDE_FILE(*libm.a: *libc.a:*lib_a-mem*.o *libgcc.a:) .rodata*)
 .rodata.main.str1.4
                0x0000000010007478      0x143 CMakeFiles/servo_serial_communication.dir/servo_serial_communication.c.obj
                                        0x147 (size before relaxing)
 *fill*         0x00000000100075bb        0x1 
 .rodata.spin_lock_claim_unused.str1.4
                0x00000000100075bc       0x1b CMakeFiles/servo_serial_communication.dir/home/davisid/pico/pico-sdk/src/rp2_common/hardware_sync/sync.c.obj
 *fill*         0x00000000100075d7        0x1 
 .rodata.make_branch.str1.4
                0x00000000100075d8       0x6e CMakeFiles/servo_serial_communication.dir/home/davisid/pico/pico-sdk/src/rp2_common/hardware_irq/irq.c.obj
 *fill*         0x0000000010007646        0x2 
 .rodata.insert_branch_and_link.str1.4
                0x0000000010007648       0x10 CMakeFiles/servo_serial_communication.dir/home/davisid/pico/pico-sdk/src/rp2_common/hardware_irq/irq.c.obj
 .rodata.irq_set_exclusive_handler.str1.4
                0x0000000010007658       0x36 CMakeFiles/servo_serial_communication.dir/home/davisid/pico/pico-sdk/src/rp2_common/hardware_irq/irq.c.obj
 *fill*         0x000000001000768e        0x2 
 .rodata.irq_add_shared_handler.str1.4
                0x0000000010007690       0xd9 CMakeFiles/servo_serial_communication.dir/home/davisid/pico/pico-sdk/src/rp2_common/hardware_irq/irq.c.obj
 *fill*         0x0000000010007769        0x3 
 .rodata.irq_remove_handler.str1.4
                0x000000001000776c       0x3a CMakeFiles/servo_serial_communication.dir/home/davisid/pico/pico-sdk/src/rp2_common/hardware_irq/irq.c.obj
 *fill*         0x00000000100077a6        0x2 
 .rodata.irq_add_tail_to_free_list.str1.4
                0x00000000100077a8       0x3a CMakeFiles/servo_serial_communication.dir/home/davisid/pico/pico-sdk/src/rp2_common/hardware_irq/irq.c.obj
 *fill*         0x00000000100077e2        0x2 
 .rodata.user_irq_claim_unused.str1.4
                0x00000000100077e4       0x1b CMakeFiles/servo_serial_communication.dir/home/davisid/pico/pico-sdk/src/rp2_common/hardware_irq/irq.c.obj
 *fill*         0x00000000100077ff        0x1 
 .rodata.__func__.4808
                0x0000000010007800       0x1a CMakeFiles/servo_serial_communication.dir/home/davisid/pico/pico-sdk/src/rp2_common/hardware_irq/irq.c.obj
 *fill*         0x000000001000781a        0x2 
 .rodata.__func__.4822
                0x000000001000781c        0xc CMakeFiles/servo_serial_communication.dir/home/davisid/pico/pico-sdk/src/rp2_common/hardware_irq/irq.c.obj
 .rodata.__func__.4830
                0x0000000010007828       0x17 CMakeFiles/servo_serial_communication.dir/home/davisid/pico/pico-sdk/src/rp2_common/hardware_irq/irq.c.obj
 *fill*         0x000000001000783f        0x1 
 .rodata.__func__.4834
                0x0000000010007840        0xf CMakeFiles/servo_serial_communication.dir/home/davisid/pico/pico-sdk/src/rp2_common/hardware_irq/irq.c.obj
 *fill*         0x000000001000784f        0x1 
 .rodata.__func__.4851
                0x0000000010007850       0x17 CMakeFiles/servo_serial_communication.dir/home/davisid/pico/pico-sdk/src/rp2_common/hardware_irq/irq.c.obj
 *fill*         0x0000000010007867        0x1 
 .rodata.__func__.4873
                0x0000000010007868       0x13 CMakeFiles/servo_serial_communication.dir/home/davisid/pico/pico-sdk/src/rp2_common/hardware_irq/irq.c.obj
 *fill*         0x000000001000787b        0x1 
 .rodata.__func__.4895
                0x000000001000787c       0x1a CMakeFiles/servo_serial_communication.dir/home/davisid/pico/pico-sdk/src/rp2_common/hardware_irq/irq.c.obj
 *fill*         0x0000000010007896        0x2 
 .rodata.str1.4
                0x0000000010007898       0xf1 CMakeFiles/servo_serial_communication.dir/home/davisid/pico/pico-sdk/src/common/pico_sync/mutex.c.obj
 *fill*         0x0000000010007989        0x3 
 .rodata.__func__.4193
                0x000000001000798c       0x15 CMakeFiles/servo_serial_communication.dir/home/davisid/pico/pico-sdk/src/common/pico_sync/mutex.c.obj
 *fill*         0x00000000100079a1        0x3 
 .rodata.__func__.4723
                0x00000000100079a4       0x18 CMakeFiles/servo_serial_communication.dir/home/davisid/pico/pico-sdk/src/common/pico_sync/mutex.c.obj
 .rodata.__func__.4742
                0x00000000100079bc        0xb CMakeFiles/servo_serial_communication.dir/home/davisid/pico/pico-sdk/src/common/pico_sync/mutex.c.obj
 *fill*         0x00000000100079c7        0x1 
 .rodata.repeating_timer_callback.str1.4
                0x00000000100079c8       0x4c CMakeFiles/servo_serial_communication.dir/home/davisid/pico/pico-sdk/src/common/pico_time/time.c.obj
 .rodata.timer_pool_entry_comparator.str1.4
                0x0000000010007a14       0x22 CMakeFiles/servo_serial_communication.dir/home/davisid/pico/pico-sdk/src/common/pico_time/time.c.obj
 *fill*         0x0000000010007a36        0x2 
 .rodata.ph_add_child_node.str1.4
                0x0000000010007a38       0x96 CMakeFiles/servo_serial_communication.dir/home/davisid/pico/pico-sdk/src/common/pico_time/time.c.obj
 *fill*         0x0000000010007ace        0x2 
 .rodata.add_alarm_under_lock.str1.4
                0x0000000010007ad0       0x28 CMakeFiles/servo_serial_communication.dir/home/davisid/pico/pico-sdk/src/common/pico_time/time.c.obj
                                         0x2b (size before relaxing)
 .rodata.alarm_pool_alarm_callback.str1.4
                0x0000000010007af8       0x98 CMakeFiles/servo_serial_communication.dir/home/davisid/pico/pico-sdk/src/common/pico_time/time.c.obj
                                         0xfc (size before relaxing)
 .rodata.alarm_pool_get_default.str1.4
                0x0000000010007b90       0x21 CMakeFiles/servo_serial_communication.dir/home/davisid/pico/pico-sdk/src/common/pico_time/time.c.obj
 *fill*         0x0000000010007bb1        0x3 
 .rodata.alarm_pool_cancel_alarm.str1.4
                0x0000000010007bb4       0x27 CMakeFiles/servo_serial_communication.dir/home/davisid/pico/pico-sdk/src/common/pico_time/time.c.obj
 *fill*         0x0000000010007bdb        0x1 
 .rodata.sleep_until.str1.4
                0x0000000010007bdc       0x4d CMakeFiles/servo_serial_communication.dir/home/davisid/pico/pico-sdk/src/common/pico_time/time.c.obj
 *fill*         0x0000000010007c29        0x3 
 .rodata.__func__.5701
                0x0000000010007c2c       0x15 CMakeFiles/servo_serial_communication.dir/home/davisid/pico/pico-sdk/src/common/pico_time/time.c.obj
 *fill*         0x0000000010007c41        0x3 
 .rodata.__func__.6044
                0x0000000010007c44        0xc CMakeFiles/servo_serial_communication.dir/home/davisid/pico/pico-sdk/src/common/pico_time/time.c.obj
 .rodata.__func__.6051
                0x0000000010007c50       0x12 CMakeFiles/servo_serial_communication.dir/home/davisid/pico/pico-sdk/src/common/pico_time/time.c.obj
 *fill*         0x0000000010007c62        0x2 
 .rodata.__func__.6067
                0x0000000010007c64        0xf CMakeFiles/servo_serial_communication.dir/home/davisid/pico/pico-sdk/src/common/pico_time/time.c.obj
 *fill*         0x0000000010007c73        0x1 
 .rodata.__func__.6089
                0x0000000010007c74        0xd CMakeFiles/servo_serial_communication.dir/home/davisid/pico/pico-sdk/src/common/pico_time/time.c.obj
 *fill*         0x0000000010007c81        0x3 
 .rodata.__func__.6319
                0x0000000010007c84        0xa CMakeFiles/servo_serial_communication.dir/home/davisid/pico/pico-sdk/src/common/pico_time/time.c.obj
 *fill*         0x0000000010007c8e        0x2 
 .rodata.__func__.6324
                0x0000000010007c90       0x12 CMakeFiles/servo_serial_communication.dir/home/davisid/pico/pico-sdk/src/common/pico_time/time.c.obj
 *fill*         0x0000000010007ca2        0x2 
 .rodata.__func__.6339
                0x0000000010007ca4       0x17 CMakeFiles/servo_serial_communication.dir/home/davisid/pico/pico-sdk/src/common/pico_time/time.c.obj
 *fill*         0x0000000010007cbb        0x1 
 .rodata.__func__.6350
                0x0000000010007cbc       0x15 CMakeFiles/servo_serial_communication.dir/home/davisid/pico/pico-sdk/src/common/pico_time/time.c.obj
 *fill*         0x0000000010007cd1        0x3 
 .rodata.__func__.6367
                0x0000000010007cd4       0x1a CMakeFiles/servo_serial_communication.dir/home/davisid/pico/pico-sdk/src/common/pico_time/time.c.obj
 *fill*         0x0000000010007cee        0x2 
 .rodata.__func__.6420
                0x0000000010007cf0       0x18 CMakeFiles/servo_serial_communication.dir/home/davisid/pico/pico-sdk/src/common/pico_time/time.c.obj
 .rodata.at_the_end_of_time
                0x0000000010007d08        0x8 CMakeFiles/servo_serial_communication.dir/home/davisid/pico/pico-sdk/src/common/pico_time/time.c.obj
                0x0000000010007d08                at_the_end_of_time
 .rodata.hardware_alarm_claim.str1.4
                0x0000000010007d10       0x22 CMakeFiles/servo_serial_communication.dir/home/davisid/pico/pico-sdk/src/rp2_common/hardware_timer/timer.c.obj
 .rodata.busy_wait_us.str1.4
                0x0000000010007d32       0x62 CMakeFiles/servo_serial_communication.dir/home/davisid/pico/pico-sdk/src/rp2_common/hardware_timer/timer.c.obj
 *fill*         0x0000000010007d32        0x2 
 .rodata.hardware_alarm_set_target.str1.4
                0x0000000010007d34       0x66 CMakeFiles/servo_serial_communication.dir/home/davisid/pico/pico-sdk/src/rp2_common/hardware_timer/timer.c.obj
 *fill*         0x0000000010007d9a        0x2 
 .rodata.__func__.4193
                0x0000000010007d9c       0x15 CMakeFiles/servo_serial_communication.dir/home/davisid/pico/pico-sdk/src/rp2_common/hardware_timer/timer.c.obj
 *fill*         0x0000000010007db1        0x3 
 .rodata.__func__.4589
                0x0000000010007db4       0x1a CMakeFiles/servo_serial_communication.dir/home/davisid/pico/pico-sdk/src/rp2_common/hardware_timer/timer.c.obj
 .rodata.ph_add_child_node.str1.4
                0x0000000010007dce       0x96 CMakeFiles/servo_serial_communication.dir/home/davisid/pico/pico-sdk/src/common/pico_util/pheap.c.obj
 *fill*         0x0000000010007dce        0x2 
 .rodata.ph_remove_any_head.str1.4
                0x0000000010007dd0       0x90 CMakeFiles/servo_serial_communication.dir/home/davisid/pico/pico-sdk/src/common/pico_util/pheap.c.obj
                                         0xa4 (size before relaxing)
 .rodata.ph_remove_and_free_node.str1.4
                0x0000000010007e60       0x1e CMakeFiles/servo_serial_communication.dir/home/davisid/pico/pico-sdk/src/common/pico_util/pheap.c.obj
                                         0x26 (size before relaxing)
 *fill*         0x0000000010007e7e        0x2 
 .rodata.__func__.5725
                0x0000000010007e80        0xc CMakeFiles/servo_serial_communication.dir/home/davisid/pico/pico-sdk/src/common/pico_util/pheap.c.obj
 .rodata.__func__.5732
                0x0000000010007e8c       0x12 CMakeFiles/servo_serial_communication.dir/home/davisid/pico/pico-sdk/src/common/pico_util/pheap.c.obj
 *fill*         0x0000000010007e9e        0x2 
 .rodata.__func__.5818
                0x0000000010007ea0       0x13 CMakeFiles/servo_serial_communication.dir/home/davisid/pico/pico-sdk/src/common/pico_util/pheap.c.obj
 *fill*         0x0000000010007eb3        0x1 
 .rodata.__func__.5836
                0x0000000010007eb4       0x18 CMakeFiles/servo_serial_communication.dir/home/davisid/pico/pico-sdk/src/common/pico_util/pheap.c.obj
 .rodata.clock_configure.str1.4
                0x0000000010007ecc       0x58 CMakeFiles/servo_serial_communication.dir/home/davisid/pico/pico-sdk/src/rp2_common/hardware_clocks/clocks.c.obj
 .rodata.__func__.4775
                0x0000000010007f24       0x10 CMakeFiles/servo_serial_communication.dir/home/davisid/pico/pico-sdk/src/rp2_common/hardware_clocks/clocks.c.obj
 .rodata.pll_init.str1.4
                0x0000000010007f34      0x123 CMakeFiles/servo_serial_communication.dir/home/davisid/pico/pico-sdk/src/rp2_common/hardware_pll/pll.c.obj
 *fill*         0x0000000010008057        0x1 
 .rodata.__func__.4432
                0x0000000010008058        0x9 CMakeFiles/servo_serial_communication.dir/home/davisid/pico/pico-sdk/src/rp2_common/hardware_pll/pll.c.obj
 *fill*         0x0000000010008061        0x3 
 .rodata.__assert_func.str1.4
                0x0000000010008064       0x3f CMakeFiles/servo_serial_communication.dir/home/davisid/pico/pico-sdk/src/rp2_common/pico_runtime/runtime.c.obj
                                         0x43 (size before relaxing)
 *fill*         0x00000000100080a3        0x1 
 .rodata.runtime_init.str1.4
                0x00000000100080a4       0x62 CMakeFiles/servo_serial_communication.dir/home/davisid/pico/pico-sdk/src/rp2_common/pico_runtime/runtime.c.obj
 *fill*         0x0000000010008106        0x2 
 .rodata.panic.str1.4
                0x0000000010008108       0x10 CMakeFiles/servo_serial_communication.dir/home/davisid/pico/pico-sdk/src/rp2_common/pico_runtime/runtime.c.obj
                                         0x12 (size before relaxing)
 .rodata.__func__.6385
                0x0000000010008118        0xd CMakeFiles/servo_serial_communication.dir/home/davisid/pico/pico-sdk/src/rp2_common/pico_runtime/runtime.c.obj
 *fill*         0x0000000010008125        0x3 
 .rodata._ftoa.str1.4
                0x0000000010008128       0x15 CMakeFiles/servo_serial_communication.dir/home/davisid/pico/pico-sdk/src/rp2_common/pico_printf/printf.c.obj
 *fill*         0x000000001000813d        0x3 
 .rodata._vsnprintf
                0x0000000010008140      0x1e0 CMakeFiles/servo_serial_communication.dir/home/davisid/pico/pico-sdk/src/rp2_common/pico_printf/printf.c.obj
 .rodata.pow10.5439
                0x0000000010008320       0x50 CMakeFiles/servo_serial_communication.dir/home/davisid/pico/pico-sdk/src/rp2_common/pico_printf/printf.c.obj
 .rodata.__aeabi_double_init.str1.4
                0x0000000010008370       0xa9 CMakeFiles/servo_serial_communication.dir/home/davisid/pico/pico-sdk/src/rp2_common/pico_double/double_init_rom.c.obj
 *fill*         0x0000000010008419        0x3 
 .rodata.__func__.4736
                0x000000001000841c       0x14 CMakeFiles/servo_serial_communication.dir/home/davisid/pico/pico-sdk/src/rp2_common/pico_double/double_init_rom.c.obj
 .rodata.__aeabi_float_init.str1.4
                0x0000000010008430       0x7b CMakeFiles/servo_serial_communication.dir/home/davisid/pico/pico-sdk/src/rp2_common/pico_float/float_init_rom.c.obj
                                         0x7f (size before relaxing)
 *fill*         0x00000000100084ab        0x1 
 .rodata.__func__.4737
                0x00000000100084ac       0x13 CMakeFiles/servo_serial_communication.dir/home/davisid/pico/pico-sdk/src/rp2_common/pico_float/float_init_rom.c.obj
 *fill*         0x00000000100084bf        0x1 
 .rodata.str1.4
                0x00000000100084c0       0x50 CMakeFiles/servo_serial_communication.dir/home/davisid/pico/pico-sdk/src/rp2_common/pico_standard_link/binary_info.c.obj
 .rodata.__bi_44
                0x0000000010008510        0xc CMakeFiles/servo_serial_communication.dir/home/davisid/pico/pico-sdk/src/rp2_common/pico_standard_link/binary_info.c.obj
 .rodata.__bi_75
                0x000000001000851c        0xc CMakeFiles/servo_serial_communication.dir/home/davisid/pico/pico-sdk/src/rp2_common/pico_standard_link/binary_info.c.obj
 .rodata.__bi_81
                0x0000000010008528        0xc CMakeFiles/servo_serial_communication.dir/home/davisid/pico/pico-sdk/src/rp2_common/pico_standard_link/binary_info.c.obj
 .rodata.stdout_serialize_begin.str1.4
                0x0000000010008534       0x62 CMakeFiles/servo_serial_communication.dir/home/davisid/pico/pico-sdk/src/rp2_common/pico_stdio/stdio.c.obj
 .rodata.__wrap_getchar.str1.4
                0x0000000010008534       0x4a CMakeFiles/servo_serial_communication.dir/home/davisid/pico/pico-sdk/src/rp2_common/pico_stdio/stdio.c.obj
 *fill*         0x000000001000857e        0x2 
 .rodata.__func__.5563
                0x0000000010008580       0x15 CMakeFiles/servo_serial_communication.dir/home/davisid/pico/pico-sdk/src/rp2_common/pico_stdio/stdio.c.obj
 *fill*         0x0000000010008595        0x3 
 .rodata.__func__.6215
                0x0000000010008598        0xf CMakeFiles/servo_serial_communication.dir/home/davisid/pico/pico-sdk/src/rp2_common/pico_stdio/stdio.c.obj
 *fill*         0x00000000100085a7        0x1 
 .rodata.crlf_str.6083
                0x00000000100085a8        0x2 CMakeFiles/servo_serial_communication.dir/home/davisid/pico/pico-sdk/src/rp2_common/pico_stdio/stdio.c.obj
 *fill*         0x00000000100085aa        0x2 
 .rodata._resetd_driver
                0x00000000100085ac       0x18 CMakeFiles/servo_serial_communication.dir/home/davisid/pico/pico-sdk/src/rp2_common/pico_stdio_usb/reset_interface.c.obj
 .rodata.low_priority_worker_irq.str1.4
                0x00000000100085c4       0x62 CMakeFiles/servo_serial_communication.dir/home/davisid/pico/pico-sdk/src/rp2_common/pico_stdio_usb/stdio_usb.c.obj
 .rodata.stdio_usb_init.str1.4
                0x00000000100085c4       0x46 CMakeFiles/servo_serial_communication.dir/home/davisid/pico/pico-sdk/src/rp2_common/pico_stdio_usb/stdio_usb.c.obj
                                         0x4e (size before relaxing)
 *fill*         0x000000001000860a        0x2 
 .rodata.str1.4
                0x000000001000860c       0x13 CMakeFiles/servo_serial_communication.dir/home/davisid/pico/pico-sdk/src/rp2_common/pico_stdio_usb/stdio_usb.c.obj
 *fill*         0x000000001000861f        0x1 
 .rodata.__bi_188.7662
                0x0000000010008620        0xc CMakeFiles/servo_serial_communication.dir/home/davisid/pico/pico-sdk/src/rp2_common/pico_stdio_usb/stdio_usb.c.obj
 .rodata.__func__.5424
                0x000000001000862c       0x15 CMakeFiles/servo_serial_communication.dir/home/davisid/pico/pico-sdk/src/rp2_common/pico_stdio_usb/stdio_usb.c.obj
 *fill*         0x0000000010008641        0x3 
 .rodata.__func__.7660
                0x0000000010008644        0xf CMakeFiles/servo_serial_communication.dir/home/davisid/pico/pico-sdk/src/rp2_common/pico_stdio_usb/stdio_usb.c.obj
 *fill*         0x0000000010008653        0x1 
 .rodata.str1.4
                0x0000000010008654       0x2a CMakeFiles/servo_serial_communication.dir/home/davisid/pico/pico-sdk/src/rp2_common/pico_stdio_usb/stdio_usb_descriptors.c.obj
 *fill*         0x000000001000867e        0x2 
 .rodata.usbd_desc_cfg
                0x0000000010008680       0x54 CMakeFiles/servo_serial_communication.dir/home/davisid/pico/pico-sdk/src/rp2_common/pico_stdio_usb/stdio_usb_descriptors.c.obj
 .rodata.usbd_desc_device
                0x00000000100086d4       0x12 CMakeFiles/servo_serial_communication.dir/home/davisid/pico/pico-sdk/src/rp2_common/pico_stdio_usb/stdio_usb_descriptors.c.obj
 *fill*         0x00000000100086e6        0x2 
 .rodata.usbd_desc_str
                0x00000000100086e8       0x18 CMakeFiles/servo_serial_communication.dir/home/davisid/pico/pico-sdk/src/rp2_common/pico_stdio_usb/stdio_usb_descriptors.c.obj
 .rodata.pico_get_unique_board_id_string.str1.4
                0x0000000010008700       0x4e CMakeFiles/servo_serial_communication.dir/home/davisid/pico/pico-sdk/src/rp2_common/pico_unique_id/unique_id.c.obj
 *fill*         0x000000001000874e        0x2 
 .rodata.__func__.4304
                0x0000000010008750       0x20 CMakeFiles/servo_serial_communication.dir/home/davisid/pico/pico-sdk/src/rp2_common/pico_unique_id/unique_id.c.obj
 .rodata.str1.4
                0x0000000010008770      0x15a CMakeFiles/servo_serial_communication.dir/home/davisid/pico/pico-sdk/src/rp2_common/hardware_flash/flash.c.obj
 *fill*         0x00000000100088ca        0x2 
 .rodata.__func__.4478
                0x00000000100088cc        0xd CMakeFiles/servo_serial_communication.dir/home/davisid/pico/pico-sdk/src/rp2_common/hardware_flash/flash.c.obj
 *fill*         0x00000000100088d9        0x3 
 .rodata._hw_endpoint_alloc.str1.4
                0x00000000100088dc       0xb9 CMakeFiles/servo_serial_communication.dir/home/davisid/pico/pico-sdk/lib/tinyusb/src/portable/raspberrypi/rp2040/dcd_rp2040.c.obj
 *fill*         0x0000000010008995        0x3 
 .rodata.str1.4
                0x0000000010008998       0x14 CMakeFiles/servo_serial_communication.dir/home/davisid/pico/pico-sdk/lib/tinyusb/src/portable/raspberrypi/rp2040/dcd_rp2040.c.obj
 .rodata.dcd_int_enable.str1.4
                0x00000000100089ac        0xc CMakeFiles/servo_serial_communication.dir/home/davisid/pico/pico-sdk/lib/tinyusb/src/portable/raspberrypi/rp2040/dcd_rp2040.c.obj
 .rodata.__func__.6896
                0x00000000100089b8       0x13 CMakeFiles/servo_serial_communication.dir/home/davisid/pico/pico-sdk/lib/tinyusb/src/portable/raspberrypi/rp2040/dcd_rp2040.c.obj
 *fill*         0x00000000100089cb        0x1 
 .rodata.__func__.6967
                0x00000000100089cc        0x9 CMakeFiles/servo_serial_communication.dir/home/davisid/pico/pico-sdk/lib/tinyusb/src/portable/raspberrypi/rp2040/dcd_rp2040.c.obj
 *fill*         0x00000000100089d5        0x3 
 .rodata.__func__.6971
                0x00000000100089d8        0xf CMakeFiles/servo_serial_communication.dir/home/davisid/pico/pico-sdk/lib/tinyusb/src/portable/raspberrypi/rp2040/dcd_rp2040.c.obj
 *fill*         0x00000000100089e7        0x1 
 .rodata.__func__.6980
                0x00000000100089e8       0x10 CMakeFiles/servo_serial_communication.dir/home/davisid/pico/pico-sdk/lib/tinyusb/src/portable/raspberrypi/rp2040/dcd_rp2040.c.obj
 .rodata.__func__.7003
                0x00000000100089f8        0xe CMakeFiles/servo_serial_communication.dir/home/davisid/pico/pico-sdk/lib/tinyusb/src/portable/raspberrypi/rp2040/dcd_rp2040.c.obj
 *fill*         0x0000000010008a06        0x2 
 .rodata.__func__.7013
                0x0000000010008a08        0xe CMakeFiles/servo_serial_communication.dir/home/davisid/pico/pico-sdk/lib/tinyusb/src/portable/raspberrypi/rp2040/dcd_rp2040.c.obj
 *fill*         0x0000000010008a16        0x2 
 .rodata.str1.4
                0x0000000010008a18       0xeb CMakeFiles/servo_serial_communication.dir/home/davisid/pico/pico-sdk/lib/tinyusb/src/portable/raspberrypi/rp2040/rp2040_usb.c.obj
 *fill*         0x0000000010008b03        0x1 
 .rodata.__func__.6722
                0x0000000010008b04        0xf CMakeFiles/servo_serial_communication.dir/home/davisid/pico/pico-sdk/lib/tinyusb/src/portable/raspberrypi/rp2040/rp2040_usb.c.obj
 *fill*         0x0000000010008b13        0x1 
 .rodata.process_get_descriptor
                0x0000000010008b14       0x40 CMakeFiles/servo_serial_communication.dir/home/davisid/pico/pico-sdk/lib/tinyusb/src/device/usbd.c.obj
 .rodata.process_control_request
                0x0000000010008b54       0x28 CMakeFiles/servo_serial_communication.dir/home/davisid/pico/pico-sdk/lib/tinyusb/src/device/usbd.c.obj
 .rodata.tud_task_ext
                0x0000000010008b7c       0x24 CMakeFiles/servo_serial_communication.dir/home/davisid/pico/pico-sdk/lib/tinyusb/src/device/usbd.c.obj
 .rodata._usbd_driver
                0x0000000010008ba0       0x18 CMakeFiles/servo_serial_communication.dir/home/davisid/pico/pico-sdk/lib/tinyusb/src/device/usbd.c.obj
                0x0000000010008bb8                . = ALIGN (0x4)
 *(SORT_BY_ALIGNMENT(SORT_BY_NAME(.flashdata*)))
                0x0000000010008bb8                . = ALIGN (0x4)

.rel.dyn        0x0000000010008bb8        0x0
 .rel.iplt      0x0000000010008bb8        0x0 /usr/lib/gcc/arm-none-eabi/9.2.1/thumb/v6-m/nofp/crtbegin.o

.ARM.extab
 *(.ARM.extab* .gnu.linkonce.armextab.*)
                0x0000000010008bb8                __exidx_start = .

.ARM.exidx
 *(.ARM.exidx* .gnu.linkonce.armexidx.*)
                0x0000000010008bb8                __exidx_end = .
                0x0000000010008bb8                . = ALIGN (0x4)
                0x0000000010008bb8                __binary_info_start = .

.binary_info    0x0000000010008bb8       0x20
 *(.binary_info.keep.*)
 .binary_info.keep.__bi_ptr22
                0x0000000010008bb8        0x4 CMakeFiles/servo_serial_communication.dir/home/davisid/pico/pico-sdk/src/rp2_common/pico_standard_link/binary_info.c.obj
 .binary_info.keep.__bi_ptr30
                0x0000000010008bbc        0x4 CMakeFiles/servo_serial_communication.dir/home/davisid/pico/pico-sdk/src/rp2_common/pico_standard_link/binary_info.c.obj
 .binary_info.keep.__bi_ptr38
                0x0000000010008bc0        0x4 CMakeFiles/servo_serial_communication.dir/home/davisid/pico/pico-sdk/src/rp2_common/pico_standard_link/binary_info.c.obj
 .binary_info.keep.__bi_ptr44
                0x0000000010008bc4        0x4 CMakeFiles/servo_serial_communication.dir/home/davisid/pico/pico-sdk/src/rp2_common/pico_standard_link/binary_info.c.obj
 .binary_info.keep.__bi_ptr50
                0x0000000010008bc8        0x4 CMakeFiles/servo_serial_communication.dir/home/davisid/pico/pico-sdk/src/rp2_common/pico_standard_link/binary_info.c.obj
 .binary_info.keep.__bi_ptr75
                0x0000000010008bcc        0x4 CMakeFiles/servo_serial_communication.dir/home/davisid/pico/pico-sdk/src/rp2_common/pico_standard_link/binary_info.c.obj
 .binary_info.keep.__bi_ptr81
                0x0000000010008bd0        0x4 CMakeFiles/servo_serial_communication.dir/home/davisid/pico/pico-sdk/src/rp2_common/pico_standard_link/binary_info.c.obj
 *(.binary_info.*)
 .binary_info.__bi_ptr188
                0x0000000010008bd4        0x4 CMakeFiles/servo_serial_communication.dir/home/davisid/pico/pico-sdk/src/rp2_common/pico_stdio_usb/stdio_usb.c.obj
                0x0000000010008bd8                __binary_info_end = .
                0x0000000010008bd8                . = ALIGN (0x4)
                0x0000000010008bd8                __etext = .

.ram_vector_table
                0x0000000020000000       0xc0
 *(.ram_vector_table)
 .ram_vector_table
                0x0000000020000000       0xc0 CMakeFiles/servo_serial_communication.dir/home/davisid/pico/pico-sdk/src/rp2_common/pico_runtime/runtime.c.obj
                0x0000000020000000                ram_vector_table

.data           0x00000000200000c0      0xbf0 load address 0x0000000010008bd8
                0x00000000200000c0                __data_start__ = .
 *(vtable)
 *(.time_critical*)
 .time_critical.mutex_try_enter
                0x00000000200000c0       0x48 CMakeFiles/servo_serial_communication.dir/home/davisid/pico/pico-sdk/src/common/pico_sync/mutex.c.obj
                0x00000000200000c0                mutex_try_enter
 .time_critical.mutex_enter_block_until
                0x0000000020000108       0x88 CMakeFiles/servo_serial_communication.dir/home/davisid/pico/pico-sdk/src/common/pico_sync/mutex.c.obj
                0x0000000020000108                mutex_enter_block_until
 .time_critical.mutex_try_enter_block_until